Archive member included to satisfy reference by file (symbol)

d:/nxp/s32ds.3.6.0/s32ds/build_tools/gcc_v10.2/gcc-10.2-arm32-eabi/bin/../lib/gcc/arm-none-eabi/10.2.0/../../../../arm-none-eabi/lib/thumb/v7e-m+fp/hard\libc_nano.a(lib_a-memset.o)
                              ./Project_Settings/Startup_Code/startup.o (memset)
d:/nxp/s32ds.3.6.0/s32ds/build_tools/gcc_v10.2/gcc-10.2-arm32-eabi/bin/../lib/gcc/arm-none-eabi/10.2.0/../../../../arm-none-eabi/lib/thumb/v7e-m+fp/hard\libm.a(lib_a-s_cos.o)
                              ./src/display.o (cos)
d:/nxp/s32ds.3.6.0/s32ds/build_tools/gcc_v10.2/gcc-10.2-arm32-eabi/bin/../lib/gcc/arm-none-eabi/10.2.0/../../../../arm-none-eabi/lib/thumb/v7e-m+fp/hard\libm.a(lib_a-s_sin.o)
                              ./src/display.o (sin)
d:/nxp/s32ds.3.6.0/s32ds/build_tools/gcc_v10.2/gcc-10.2-arm32-eabi/bin/../lib/gcc/arm-none-eabi/10.2.0/../../../../arm-none-eabi/lib/thumb/v7e-m+fp/hard\libm.a(lib_a-e_rem_pio2.o)
                              d:/nxp/s32ds.3.6.0/s32ds/build_tools/gcc_v10.2/gcc-10.2-arm32-eabi/bin/../lib/gcc/arm-none-eabi/10.2.0/../../../../arm-none-eabi/lib/thumb/v7e-m+fp/hard\libm.a(lib_a-s_cos.o) (__ieee754_rem_pio2)
d:/nxp/s32ds.3.6.0/s32ds/build_tools/gcc_v10.2/gcc-10.2-arm32-eabi/bin/../lib/gcc/arm-none-eabi/10.2.0/../../../../arm-none-eabi/lib/thumb/v7e-m+fp/hard\libm.a(lib_a-k_cos.o)
                              d:/nxp/s32ds.3.6.0/s32ds/build_tools/gcc_v10.2/gcc-10.2-arm32-eabi/bin/../lib/gcc/arm-none-eabi/10.2.0/../../../../arm-none-eabi/lib/thumb/v7e-m+fp/hard\libm.a(lib_a-s_cos.o) (__kernel_cos)
d:/nxp/s32ds.3.6.0/s32ds/build_tools/gcc_v10.2/gcc-10.2-arm32-eabi/bin/../lib/gcc/arm-none-eabi/10.2.0/../../../../arm-none-eabi/lib/thumb/v7e-m+fp/hard\libm.a(lib_a-k_rem_pio2.o)
                              d:/nxp/s32ds.3.6.0/s32ds/build_tools/gcc_v10.2/gcc-10.2-arm32-eabi/bin/../lib/gcc/arm-none-eabi/10.2.0/../../../../arm-none-eabi/lib/thumb/v7e-m+fp/hard\libm.a(lib_a-e_rem_pio2.o) (__kernel_rem_pio2)
d:/nxp/s32ds.3.6.0/s32ds/build_tools/gcc_v10.2/gcc-10.2-arm32-eabi/bin/../lib/gcc/arm-none-eabi/10.2.0/../../../../arm-none-eabi/lib/thumb/v7e-m+fp/hard\libm.a(lib_a-k_sin.o)
                              d:/nxp/s32ds.3.6.0/s32ds/build_tools/gcc_v10.2/gcc-10.2-arm32-eabi/bin/../lib/gcc/arm-none-eabi/10.2.0/../../../../arm-none-eabi/lib/thumb/v7e-m+fp/hard\libm.a(lib_a-s_cos.o) (__kernel_sin)
d:/nxp/s32ds.3.6.0/s32ds/build_tools/gcc_v10.2/gcc-10.2-arm32-eabi/bin/../lib/gcc/arm-none-eabi/10.2.0/../../../../arm-none-eabi/lib/thumb/v7e-m+fp/hard\libm.a(lib_a-s_fabs.o)
                              d:/nxp/s32ds.3.6.0/s32ds/build_tools/gcc_v10.2/gcc-10.2-arm32-eabi/bin/../lib/gcc/arm-none-eabi/10.2.0/../../../../arm-none-eabi/lib/thumb/v7e-m+fp/hard\libm.a(lib_a-e_rem_pio2.o) (fabs)
d:/nxp/s32ds.3.6.0/s32ds/build_tools/gcc_v10.2/gcc-10.2-arm32-eabi/bin/../lib/gcc/arm-none-eabi/10.2.0/../../../../arm-none-eabi/lib/thumb/v7e-m+fp/hard\libm.a(lib_a-s_floor.o)
                              d:/nxp/s32ds.3.6.0/s32ds/build_tools/gcc_v10.2/gcc-10.2-arm32-eabi/bin/../lib/gcc/arm-none-eabi/10.2.0/../../../../arm-none-eabi/lib/thumb/v7e-m+fp/hard\libm.a(lib_a-k_rem_pio2.o) (floor)
d:/nxp/s32ds.3.6.0/s32ds/build_tools/gcc_v10.2/gcc-10.2-arm32-eabi/bin/../lib/gcc/arm-none-eabi/10.2.0/../../../../arm-none-eabi/lib/thumb/v7e-m+fp/hard\libm.a(lib_a-s_scalbn.o)
                              d:/nxp/s32ds.3.6.0/s32ds/build_tools/gcc_v10.2/gcc-10.2-arm32-eabi/bin/../lib/gcc/arm-none-eabi/10.2.0/../../../../arm-none-eabi/lib/thumb/v7e-m+fp/hard\libm.a(lib_a-k_rem_pio2.o) (scalbn)
d:/nxp/s32ds.3.6.0/s32ds/build_tools/gcc_v10.2/gcc-10.2-arm32-eabi/bin/../lib/gcc/arm-none-eabi/10.2.0/thumb/v7e-m+fp/hard\libgcc.a(_arm_muldf3.o)
                              ./src/display.o (__aeabi_dmul)
d:/nxp/s32ds.3.6.0/s32ds/build_tools/gcc_v10.2/gcc-10.2-arm32-eabi/bin/../lib/gcc/arm-none-eabi/10.2.0/thumb/v7e-m+fp/hard\libgcc.a(_arm_addsubdf3.o)
                              d:/nxp/s32ds.3.6.0/s32ds/build_tools/gcc_v10.2/gcc-10.2-arm32-eabi/bin/../lib/gcc/arm-none-eabi/10.2.0/../../../../arm-none-eabi/lib/thumb/v7e-m+fp/hard\libm.a(lib_a-s_cos.o) (__aeabi_dsub)
d:/nxp/s32ds.3.6.0/s32ds/build_tools/gcc_v10.2/gcc-10.2-arm32-eabi/bin/../lib/gcc/arm-none-eabi/10.2.0/thumb/v7e-m+fp/hard\libgcc.a(_arm_cmpdf2.o)
                              d:/nxp/s32ds.3.6.0/s32ds/build_tools/gcc_v10.2/gcc-10.2-arm32-eabi/bin/../lib/gcc/arm-none-eabi/10.2.0/../../../../arm-none-eabi/lib/thumb/v7e-m+fp/hard\libm.a(lib_a-e_rem_pio2.o) (__aeabi_dcmpeq)
d:/nxp/s32ds.3.6.0/s32ds/build_tools/gcc_v10.2/gcc-10.2-arm32-eabi/bin/../lib/gcc/arm-none-eabi/10.2.0/thumb/v7e-m+fp/hard\libgcc.a(_arm_fixdfsi.o)
                              ./src/display.o (__aeabi_d2iz)

Discarded input sections

 .group         0x00000000        0xc ./Project_Settings/Startup_Code/exceptions.o
 .group         0x00000000        0xc ./Project_Settings/Startup_Code/exceptions.o
[...]
Memory Configuration

Name             Origin             Length             Attributes
int_flash_interrupts 0x00000000         0x00000400
int_flash_config 0x00000400         0x00000010
int_flash        0x00000410         0x0007fbf0
int_sram_results 0x1fff8000         0x00000100
int_sram         0x1fff8100         0x0000df00
int_sram_stack_c0 0x20006000         0x00001000
ram_rsvd2        0x20007000         0x00000000
*default*        0x00000000         0xffffffff

Linker script and memory map

LOAD ./Project_Settings/Startup_Code/Vector_Table.o
LOAD ./Project_Settings/Startup_Code/exceptions.o
LOAD ./Project_Settings/Startup_Code/nvic.o
LOAD ./Project_Settings/Startup_Code/startup.o
LOAD ./Project_Settings/Startup_Code/startup_cm4.o
LOAD ./Project_Settings/Startup_Code/system.o
LOAD ./RTD/src/Clock_Ip.o
LOAD ./RTD/src/Clock_Ip_Data.o
LOAD ./RTD/src/Clock_Ip_Divider.o
LOAD ./RTD/src/Clock_Ip_DividerTrigger.o
LOAD ./RTD/src/Clock_Ip_ExtOsc.o
LOAD ./RTD/src/Clock_Ip_FracDiv.o
LOAD ./RTD/src/Clock_Ip_Frequency.o
LOAD ./RTD/src/Clock_Ip_Gate.o
LOAD ./RTD/src/Clock_Ip_IntOsc.o
LOAD ./RTD/src/Clock_Ip_Irq.o
LOAD ./RTD/src/Clock_Ip_Monitor.o
LOAD ./RTD/src/Clock_Ip_Pll.o
LOAD ./RTD/src/Clock_Ip_ProgFreqSwitch.o
LOAD ./RTD/src/Clock_Ip_Selector.o
LOAD ./RTD/src/Clock_Ip_Specific.o
LOAD ./RTD/src/Det.o
LOAD ./RTD/src/Dio.o
LOAD ./RTD/src/Dio_Ipw.o
LOAD ./RTD/src/Flexio_Spi_Ip.o
LOAD ./RTD/src/Flexio_Spi_Ip_Irq.o
LOAD ./RTD/src/Gpio_Dio_Ip.o
LOAD ./RTD/src/Lpspi_Ip.o
LOAD ./RTD/src/Lpspi_Ip_Irq.o
LOAD ./RTD/src/Mcu.o
LOAD ./RTD/src/Mcu_Dem_Wrapper.o
LOAD ./RTD/src/Mcu_Ipw.o
LOAD ./RTD/src/Mcu_Ipw_Irq.o
LOAD ./RTD/src/OsIf_Interrupts.o
LOAD ./RTD/src/OsIf_Timer.o
LOAD ./RTD/src/OsIf_Timer_System.o
LOAD ./RTD/src/OsIf_Timer_System_Internal_Systick.o
LOAD ./RTD/src/Port.o
LOAD ./RTD/src/Port_Ci_Port_Ip.o
LOAD ./RTD/src/Port_Ipw.o
LOAD ./RTD/src/Power_Ip.o
LOAD ./RTD/src/Power_Ip_AEC.o
LOAD ./RTD/src/Power_Ip_CortexM4.o
LOAD ./RTD/src/Power_Ip_PMC.o
LOAD ./RTD/src/Power_Ip_PMC_Irq.o
LOAD ./RTD/src/Power_Ip_Private.o
LOAD ./RTD/src/Power_Ip_RCM.o
LOAD ./RTD/src/Power_Ip_RCM_Irq.o
LOAD ./RTD/src/Power_Ip_SIM.o
LOAD ./RTD/src/Power_Ip_SMC.o
LOAD ./RTD/src/Ram_Ip.o
LOAD ./RTD/src/SchM_Dio.o
LOAD ./RTD/src/SchM_Mcu.o
LOAD ./RTD/src/SchM_Port.o
LOAD ./RTD/src/SchM_Spi.o
LOAD ./RTD/src/Spi.o
LOAD ./RTD/src/Spi_Ipw.o
LOAD ./board/Port_Ci_Port_Ip_Cfg.o
LOAD ./generate/src/Clock_Ip_Cfg.o
LOAD ./generate/src/Clock_Ip_VS_0_PBcfg.o
LOAD ./generate/src/Dio_Cfg.o
LOAD ./generate/src/Flexio_Spi_Ip_VS_0_PBcfg.o
LOAD ./generate/src/Lpspi_Ip_VS_0_PBcfg.o
LOAD ./generate/src/Mcu_Cfg.o
LOAD ./generate/src/Mcu_VS_0_PBcfg.o
LOAD ./generate/src/OsIf_Cfg.o
LOAD ./generate/src/Port_Cfg.o
LOAD ./generate/src/Port_Ci_Port_Ip_VS_0_PBcfg.o
LOAD ./generate/src/Port_VS_0_PBcfg.o
LOAD ./generate/src/Power_Ip_Cfg.o
LOAD ./generate/src/Power_Ip_VS_0_PBcfg.o
LOAD ./generate/src/Ram_Ip_Cfg.o
LOAD ./generate/src/Ram_Ip_VS_0_PBcfg.o
LOAD ./generate/src/Spi_Ipw_VS_0_PBcfg.o
LOAD ./generate/src/Spi_VS_0_PBcfg.o
LOAD ./src/FT81_display.o
LOAD ./src/FT81_misc.o
LOAD ./src/FT81_sound.o
LOAD ./src/FT81_touch.o
LOAD ./src/display.o
LOAD ./src/main.o
LOAD d:/nxp/s32ds.3.6.0/s32ds/build_tools/gcc_v10.2/gcc-10.2-arm32-eabi/bin/../lib/gcc/arm-none-eabi/10.2.0/../../../../arm-none-eabi/lib/thumb/v7e-m+fp/hard\libc_nano.a
LOAD d:/nxp/s32ds.3.6.0/s32ds/build_tools/gcc_v10.2/gcc-10.2-arm32-eabi/bin/../lib/gcc/arm-none-eabi/10.2.0/../../../../arm-none-eabi/lib/thumb/v7e-m+fp/hard\libm.a
LOAD d:/nxp/s32ds.3.6.0/s32ds/build_tools/gcc_v10.2/gcc-10.2-arm32-eabi/bin/../lib/gcc/arm-none-eabi/10.2.0/thumb/v7e-m+fp/hard\libgcc.a
LOAD d:/nxp/s32ds.3.6.0/s32ds/build_tools/gcc_v10.2/gcc-10.2-arm32-eabi/bin/../lib/gcc/arm-none-eabi/10.2.0/../../../../arm-none-eabi/lib/thumb/v7e-m+fp/hard\libc_nano.a
LOAD d:/nxp/s32ds.3.6.0/s32ds/build_tools/gcc_v10.2/gcc-10.2-arm32-eabi/bin/../lib/gcc/arm-none-eabi/10.2.0/../../../../arm-none-eabi/lib/thumb/v7e-m+fp/hard\libm.a
LOAD d:/nxp/s32ds.3.6.0/s32ds/build_tools/gcc_v10.2/gcc-10.2-arm32-eabi/bin/../lib/gcc/arm-none-eabi/10.2.0/thumb/v7e-m+fp/hard\libgcc.a
START GROUP
LOAD d:/nxp/s32ds.3.6.0/s32ds/build_tools/gcc_v10.2/gcc-10.2-arm32-eabi/bin/../lib/gcc/arm-none-eabi/10.2.0/thumb/v7e-m+fp/hard\libgcc.a
LOAD d:/nxp/s32ds.3.6.0/s32ds/build_tools/gcc_v10.2/gcc-10.2-arm32-eabi/bin/../lib/gcc/arm-none-eabi/10.2.0/../../../../arm-none-eabi/lib/thumb/v7e-m+fp/hard\libg_nano.a
LOAD d:/nxp/s32ds.3.6.0/s32ds/build_tools/gcc_v10.2/gcc-10.2-arm32-eabi/bin/../lib/gcc/arm-none-eabi/10.2.0/../../../../arm-none-eabi/lib/thumb/v7e-m+fp/hard\libc_nano.a
END GROUP
START GROUP
LOAD d:/nxp/s32ds.3.6.0/s32ds/build_tools/gcc_v10.2/gcc-10.2-arm32-eabi/bin/../lib/gcc/arm-none-eabi/10.2.0/thumb/v7e-m+fp/hard\libgcc.a
LOAD d:/nxp/s32ds.3.6.0/s32ds/build_tools/gcc_v10.2/gcc-10.2-arm32-eabi/bin/../lib/gcc/arm-none-eabi/10.2.0/../../../../arm-none-eabi/lib/thumb/v7e-m+fp/hard\libc_nano.a
LOAD d:/nxp/s32ds.3.6.0/s32ds/build_tools/gcc_v10.2/gcc-10.2-arm32-eabi/bin/../lib/gcc/arm-none-eabi/10.2.0/../../../../arm-none-eabi/lib/thumb/v7e-m+fp/hard\libnosys.a
END GROUP
START GROUP
LOAD d:/nxp/s32ds.3.6.0/s32ds/build_tools/gcc_v10.2/gcc-10.2-arm32-eabi/bin/../lib/gcc/arm-none-eabi/10.2.0/thumb/v7e-m+fp/hard\libgcc.a
LOAD d:/nxp/s32ds.3.6.0/s32ds/build_tools/gcc_v10.2/gcc-10.2-arm32-eabi/bin/../lib/gcc/arm-none-eabi/10.2.0/../../../../arm-none-eabi/lib/thumb/v7e-m+fp/hard\libc_nano.a
LOAD d:/nxp/s32ds.3.6.0/s32ds/build_tools/gcc_v10.2/gcc-10.2-arm32-eabi/bin/../lib/gcc/arm-none-eabi/10.2.0/../../../../arm-none-eabi/lib/thumb/v7e-m+fp/hard\libnosys.a
END GROUP
                0x00000200                HEAP_SIZE = DEFINED (__heap_size__)?__heap_size__:0x200

.flash_interrupts
                0x00000000      0x310
                0x00000000                . = ALIGN (0x800)
                0x00000000                __interrupts_rom_start = .
 *(.intc_vector)
 .intc_vector   0x00000000      0x310 ./Project_Settings/Startup_Code/Vector_Table.o
                0x00000000                VTABLE
                0x00000310                . = ALIGN (0x4)
                0x00000310                __interrupts_rom_end = .

.flash_config   0x00000400       0x10
 *(.flash_config)
 .flash_config  0x00000400       0x10 ./Project_Settings/Startup_Code/startup_cm4.o

.flash          0x00000410     0xc418
                0x00000410                . = ALIGN (0x4)
 *(.startup)
 .startup       0x00000410       0xb8 ./Project_Settings/Startup_Code/startup_cm4.o
                0x00000410                Reset_Handler
                0x00000410                _start
                0x00000494                MCAL_LTB_TRACE_OFF
                0x00000496                _end_of_eunit_test
                0x000004c8                . = ALIGN (0x4)
 *(.systeminit)
 .systeminit    0x000004c8        0x2 ./Project_Settings/Startup_Code/exceptions.o
                0x000004c8                NMI_Handler
 *fill*         0x000004ca        0x2 
 .systeminit    0x000004cc       0x88 ./Project_Settings/Startup_Code/system.o
                0x000004cc                SystemInit
                0x00000554                . = ALIGN (0x4)
 *(.text.startup)
 .text.startup  0x00000554       0x30 ./src/main.o
                0x00000554                main
                0x00000584                . = ALIGN (0x4)
 *(.text)
 .text          0x00000584        0x0 ./Project_Settings/Startup_Code/Vector_Table.o
 .text          0x00000584       0x12 ./Project_Settings/Startup_Code/exceptions.o
                0x00000584                HardFault_Handler
                0x00000586                MemManage_Handler
                0x00000588                BusFault_Handler
                0x0000058a                UsageFault_Handler
                0x0000058c                SVC_Handler
                0x0000058e                DebugMon_Handler
                0x00000590                PendSV_Handler
                0x00000592                SysTick_Handler
                0x00000594                undefined_handler
 *fill*         0x00000596        0x2 
 .text          0x00000598       0x5c ./Project_Settings/Startup_Code/nvic.o
                0x00000598                NVIC_SetPriorityGrouping
                0x000005ac                NVIC_EnableIRQ
                0x000005c4                NVIC_DisableIRQ
                0x000005e0                NVIC_SetPriority
 .text          0x000005f4       0x50 ./Project_Settings/Startup_Code/startup.o
                0x000005f4                init_data_bss
 .text          0x00000644        0x0 ./Project_Settings/Startup_Code/startup_cm4.o
 .text          0x00000644        0x8 ./Project_Settings/Startup_Code/system.o
                0x00000644                startup_go_to_user_mode
                0x00000646                default_interrupt_routine
                0x00000648                Sys_GetCoreID
 .text          0x0000064c        0x0 ./RTD/src/Clock_Ip.o
 .text          0x0000064c        0x0 ./RTD/src/Clock_Ip_Data.o
 .text          0x0000064c        0x0 ./RTD/src/Clock_Ip_Divider.o
 .text          0x0000064c        0x0 ./RTD/src/Clock_Ip_DividerTrigger.o
 .text          0x0000064c        0x0 ./RTD/src/Clock_Ip_ExtOsc.o
 .text          0x0000064c        0x0 ./RTD/src/Clock_Ip_FracDiv.o
 .text          0x0000064c        0x0 ./RTD/src/Clock_Ip_Frequency.o
 .text          0x0000064c        0x0 ./RTD/src/Clock_Ip_Gate.o
 .text          0x0000064c        0x0 ./RTD/src/Clock_Ip_IntOsc.o
 .text          0x0000064c        0x0 ./RTD/src/Clock_Ip_Irq.o
 .text          0x0000064c        0x0 ./RTD/src/Clock_Ip_Monitor.o
 .text          0x0000064c        0x0 ./RTD/src/Clock_Ip_Pll.o
 .text          0x0000064c        0x0 ./RTD/src/Clock_Ip_ProgFreqSwitch.o
 .text          0x0000064c        0x0 ./RTD/src/Clock_Ip_Selector.o
 .text          0x0000064c        0x0 ./RTD/src/Clock_Ip_Specific.o
 .text          0x0000064c        0x0 ./RTD/src/Det.o
 .text          0x0000064c        0x0 ./RTD/src/Dio.o
 .text          0x0000064c        0x0 ./RTD/src/Dio_Ipw.o
 .text          0x0000064c        0x0 ./RTD/src/Flexio_Spi_Ip.o
 .text          0x0000064c        0x0 ./RTD/src/Flexio_Spi_Ip_Irq.o
 .text          0x0000064c        0x0 ./RTD/src/Gpio_Dio_Ip.o
 .text          0x0000064c        0x0 ./RTD/src/Lpspi_Ip.o
 .text          0x0000064c        0x0 ./RTD/src/Lpspi_Ip_Irq.o
 .text          0x0000064c        0x0 ./RTD/src/Mcu.o
 .text          0x0000064c        0x0 ./RTD/src/Mcu_Dem_Wrapper.o
 .text          0x0000064c        0x0 ./RTD/src/Mcu_Ipw.o
 .text          0x0000064c        0x0 ./RTD/src/Mcu_Ipw_Irq.o
 .text          0x0000064c        0x0 ./RTD/src/OsIf_Interrupts.o
 .text          0x0000064c        0x0 ./RTD/src/OsIf_Timer.o
 .text          0x0000064c        0x0 ./RTD/src/OsIf_Timer_System.o
 .text          0x0000064c        0x0 ./RTD/src/OsIf_Timer_System_Internal_Systick.o
 .text          0x0000064c        0x0 ./RTD/src/Port.o
 .text          0x0000064c        0x0 ./RTD/src/Port_Ci_Port_Ip.o
 .text          0x0000064c        0x0 ./RTD/src/Port_Ipw.o
 .text          0x0000064c        0x0 ./RTD/src/Power_Ip.o
 .text          0x0000064c        0x0 ./RTD/src/Power_Ip_AEC.o
 .text          0x0000064c        0x0 ./RTD/src/Power_Ip_CortexM4.o
 .text          0x0000064c        0x0 ./RTD/src/Power_Ip_PMC.o
 .text          0x0000064c        0x0 ./RTD/src/Power_Ip_PMC_Irq.o
 .text          0x0000064c        0x0 ./RTD/src/Power_Ip_Private.o
 .text          0x0000064c        0x0 ./RTD/src/Power_Ip_RCM.o
 .text          0x0000064c        0x0 ./RTD/src/Power_Ip_RCM_Irq.o
 .text          0x0000064c        0x0 ./RTD/src/Power_Ip_SIM.o
 .text          0x0000064c        0x0 ./RTD/src/Power_Ip_SMC.o
 .text          0x0000064c        0x0 ./RTD/src/Ram_Ip.o
 .text          0x0000064c        0x6 ./RTD/src/SchM_Dio.o
                0x0000064c                Dio_schm_read_msr
 .text          0x00000652        0x6 ./RTD/src/SchM_Mcu.o
                0x00000652                Mcu_schm_read_msr
 .text          0x00000658        0x6 ./RTD/src/SchM_Port.o
                0x00000658                Port_schm_read_msr
 .text          0x0000065e        0x6 ./RTD/src/SchM_Spi.o
                0x0000065e                Spi_schm_read_msr
 .text          0x00000664        0x0 ./RTD/src/Spi.o
 .text          0x00000664        0x0 ./RTD/src/Spi_Ipw.o
 .text          0x00000664        0x0 ./board/Port_Ci_Port_Ip_Cfg.o
 .text          0x00000664        0x0 ./generate/src/Clock_Ip_Cfg.o
 .text          0x00000664        0x0 ./generate/src/Clock_Ip_VS_0_PBcfg.o
 .text          0x00000664        0x0 ./generate/src/Dio_Cfg.o
 .text          0x00000664        0x0 ./generate/src/Flexio_Spi_Ip_VS_0_PBcfg.o
 .text          0x00000664        0x0 ./generate/src/Lpspi_Ip_VS_0_PBcfg.o
 .text          0x00000664        0x0 ./generate/src/Mcu_Cfg.o
 .text          0x00000664        0x0 ./generate/src/Mcu_VS_0_PBcfg.o
 .text          0x00000664        0x0 ./generate/src/OsIf_Cfg.o
 .text          0x00000664        0x0 ./generate/src/Port_Cfg.o
 .text          0x00000664        0x0 ./generate/src/Port_Ci_Port_Ip_VS_0_PBcfg.o
 .text          0x00000664        0x0 ./generate/src/Port_VS_0_PBcfg.o
 .text          0x00000664        0x0 ./generate/src/Power_Ip_Cfg.o
 .text          0x00000664        0x0 ./generate/src/Power_Ip_VS_0_PBcfg.o
 .text          0x00000664        0x0 ./generate/src/Ram_Ip_Cfg.o
 .text          0x00000664        0x0 ./generate/src/Ram_Ip_VS_0_PBcfg.o
 .text          0x00000664        0x0 ./generate/src/Spi_Ipw_VS_0_PBcfg.o
 .text          0x00000664        0x0 ./generate/src/Spi_VS_0_PBcfg.o
 .text          0x00000664      0x164 ./src/FT81_display.o
                0x00000664                alpha_func
                0x00000668                begin
                0x00000676                clear
                0x00000684                clear_color_rgb
                0x00000692                display
                0x00000696                vertex2f
                0x000006ac                vertex2ii
                0x000006d8                end_d
                0x000006de                color_rgb
                0x000006ec                point_size
                0x000006f6                vertex_format
                0x00000702                vertex_translate_x
                0x0000070c                vertex_translate_y
                0x00000716                bitmap_source
                0x00000720                bitmap_layout
                0x00000740                bitmap_size
                0x0000076c                bitmap_transform_a
                0x00000776                bitmap_transform_b
                0x00000780                bitmap_transform_c
                0x0000078a                bitmap_transform_d
                0x00000794                bitmap_transform_e
                0x0000079e                bitmap_transform_f
                0x000007a8                bitmap_handle
                0x000007b2                line_width
                0x000007bc                save_context
                0x000007c2                restore_context
 .text          0x000007c8      0x200 ./src/FT81_misc.o
                0x000007c8                wr8
                0x00000800                wr16
                0x00000840                wr32
                0x00000890                rd8
                0x000008ce                rd16
                0x0000091a                rd32
                0x0000097c                host_command
 .text          0x000009c8       0x26 ./src/FT81_sound.o
                0x000009c8                effect_start
                0x000009cc                effect_select
                0x000009d4                effect_volume
                0x000009d6                file_volume
                0x000009d8                file_playback_start
                0x000009dc                file_playback_loop
                0x000009de                file_playback_format
                0x000009e0                file_playback_sampling_frequency
                0x000009e2                file_playback_length
                0x000009e8                file_playback_start_address
 .text          0x000009ee        0x0 ./src/FT81_touch.o
 *fill*         0x000009ee        0x2 
 .text          0x000009f0     0x3930 ./src/display.o
                0x000009f0                DisplayInit
                0x00000ba4                DisplayTest
                0x00000cc4                SoundTest
                0x00000d54                newDashboardUpdate
                0x000026b4                newDashboardTest
                0x000026fc                DashboardInit
                0x000026fe                DashboardUpdate
                0x0000424c                DashboardTest
 .text          0x00004320       0x1c ./src/main.o
                0x00004320                TestDelay
 .text          0x0000433c        0x0 d:/nxp/s32ds.3.6.0/s32ds/build_tools/gcc_v10.2/gcc-10.2-arm32-eabi/bin/../lib/gcc/arm-none-eabi/10.2.0/../../../../arm-none-eabi/lib/thumb/v7e-m+fp/hard\libc_nano.a(lib_a-memset.o)
 .text          0x0000433c        0x0 d:/nxp/s32ds.3.6.0/s32ds/build_tools/gcc_v10.2/gcc-10.2-arm32-eabi/bin/../lib/gcc/arm-none-eabi/10.2.0/../../../../arm-none-eabi/lib/thumb/v7e-m+fp/hard\libm.a(lib_a-s_cos.o)
 .text          0x0000433c        0x0 d:/nxp/s32ds.3.6.0/s32ds/build_tools/gcc_v10.2/gcc-10.2-arm32-eabi/bin/../lib/gcc/arm-none-eabi/10.2.0/../../../../arm-none-eabi/lib/thumb/v7e-m+fp/hard\libm.a(lib_a-s_sin.o)
 .text          0x0000433c        0x0 d:/nxp/s32ds.3.6.0/s32ds/build_tools/gcc_v10.2/gcc-10.2-arm32-eabi/bin/../lib/gcc/arm-none-eabi/10.2.0/../../../../arm-none-eabi/lib/thumb/v7e-m+fp/hard\libm.a(lib_a-e_rem_pio2.o)
 .text          0x0000433c        0x0 d:/nxp/s32ds.3.6.0/s32ds/build_tools/gcc_v10.2/gcc-10.2-arm32-eabi/bin/../lib/gcc/arm-none-eabi/10.2.0/../../../../arm-none-eabi/lib/thumb/v7e-m+fp/hard\libm.a(lib_a-k_cos.o)
 .text          0x0000433c        0x0 d:/nxp/s32ds.3.6.0/s32ds/build_tools/gcc_v10.2/gcc-10.2-arm32-eabi/bin/../lib/gcc/arm-none-eabi/10.2.0/../../../../arm-none-eabi/lib/thumb/v7e-m+fp/hard\libm.a(lib_a-k_rem_pio2.o)
 .text          0x0000433c        0x0 d:/nxp/s32ds.3.6.0/s32ds/build_tools/gcc_v10.2/gcc-10.2-arm32-eabi/bin/../lib/gcc/arm-none-eabi/10.2.0/../../../../arm-none-eabi/lib/thumb/v7e-m+fp/hard\libm.a(lib_a-k_sin.o)
 .text          0x0000433c        0x0 d:/nxp/s32ds.3.6.0/s32ds/build_tools/gcc_v10.2/gcc-10.2-arm32-eabi/bin/../lib/gcc/arm-none-eabi/10.2.0/../../../../arm-none-eabi/lib/thumb/v7e-m+fp/hard\libm.a(lib_a-s_fabs.o)
 .text          0x0000433c        0x0 d:/nxp/s32ds.3.6.0/s32ds/build_tools/gcc_v10.2/gcc-10.2-arm32-eabi/bin/../lib/gcc/arm-none-eabi/10.2.0/../../../../arm-none-eabi/lib/thumb/v7e-m+fp/hard\libm.a(lib_a-s_floor.o)
 .text          0x0000433c        0x0 d:/nxp/s32ds.3.6.0/s32ds/build_tools/gcc_v10.2/gcc-10.2-arm32-eabi/bin/../lib/gcc/arm-none-eabi/10.2.0/../../../../arm-none-eabi/lib/thumb/v7e-m+fp/hard\libm.a(lib_a-s_scalbn.o)
 .text          0x0000433c      0x254 d:/nxp/s32ds.3.6.0/s32ds/build_tools/gcc_v10.2/gcc-10.2-arm32-eabi/bin/../lib/gcc/arm-none-eabi/10.2.0/thumb/v7e-m+fp/hard\libgcc.a(_arm_muldf3.o)
                0x0000433c                __muldf3
                0x0000433c                __aeabi_dmul
 .text          0x00004590      0x378 d:/nxp/s32ds.3.6.0/s32ds/build_tools/gcc_v10.2/gcc-10.2-arm32-eabi/bin/../lib/gcc/arm-none-eabi/10.2.0/thumb/v7e-m+fp/hard\libgcc.a(_arm_addsubdf3.o)
                0x00004590                __aeabi_drsub
                0x00004598                __aeabi_dsub
                0x00004598                __subdf3
                0x0000459c                __aeabi_dadd
                0x0000459c                __adddf3
                0x00004814                __floatunsidf
                0x00004814                __aeabi_ui2d
                0x00004834                __floatsidf
                0x00004834                __aeabi_i2d
                0x00004858                __aeabi_f2d
                0x00004858                __extendsfdf2
                0x0000489c                __floatundidf
                0x0000489c                __aeabi_ul2d
                0x000048ac                __floatdidf
                0x000048ac                __aeabi_l2d
 .text          0x00004908      0x110 d:/nxp/s32ds.3.6.0/s32ds/build_tools/gcc_v10.2/gcc-10.2-arm32-eabi/bin/../lib/gcc/arm-none-eabi/10.2.0/thumb/v7e-m+fp/hard\libgcc.a(_arm_cmpdf2.o)
                0x00004908                __gtdf2
                0x00004908                __gedf2
                0x00004910                __ltdf2
                0x00004910                __ledf2
                0x00004918                __nedf2
                0x00004918                __eqdf2
                0x00004918                __cmpdf2
                0x00004994                __aeabi_cdrcmple
                0x000049a4                __aeabi_cdcmpeq
                0x000049a4                __aeabi_cdcmple
                0x000049b4                __aeabi_dcmpeq
                0x000049c8                __aeabi_dcmplt
                0x000049dc                __aeabi_dcmple
                0x000049f0                __aeabi_dcmpge
                0x00004a04                __aeabi_dcmpgt
 .text          0x00004a18       0x50 d:/nxp/s32ds.3.6.0/s32ds/build_tools/gcc_v10.2/gcc-10.2-arm32-eabi/bin/../lib/gcc/arm-none-eabi/10.2.0/thumb/v7e-m+fp/hard\libgcc.a(_arm_fixdfsi.o)
                0x00004a18                __aeabi_d2iz
                0x00004a18                __fixdfsi
 *(.text*)
 .text.memset   0x00004a68       0x10 d:/nxp/s32ds.3.6.0/s32ds/build_tools/gcc_v10.2/gcc-10.2-arm32-eabi/bin/../lib/gcc/arm-none-eabi/10.2.0/../../../../arm-none-eabi/lib/thumb/v7e-m+fp/hard\libc_nano.a(lib_a-memset.o)
                0x00004a68                memset
 .text.cos      0x00004a78       0xa8 d:/nxp/s32ds.3.6.0/s32ds/build_tools/gcc_v10.2/gcc-10.2-arm32-eabi/bin/../lib/gcc/arm-none-eabi/10.2.0/../../../../arm-none-eabi/lib/thumb/v7e-m+fp/hard\libm.a(lib_a-s_cos.o)
                0x00004a78                cos
 .text.sin      0x00004b20       0xb0 d:/nxp/s32ds.3.6.0/s32ds/build_tools/gcc_v10.2/gcc-10.2-arm32-eabi/bin/../lib/gcc/arm-none-eabi/10.2.0/../../../../arm-none-eabi/lib/thumb/v7e-m+fp/hard\libm.a(lib_a-s_sin.o)
                0x00004b20                sin
 .text.__ieee754_rem_pio2
                0x00004bd0      0x414 d:/nxp/s32ds.3.6.0/s32ds/build_tools/gcc_v10.2/gcc-10.2-arm32-eabi/bin/../lib/gcc/arm-none-eabi/10.2.0/../../../../arm-none-eabi/lib/thumb/v7e-m+fp/hard\libm.a(lib_a-e_rem_pio2.o)
                0x00004bd0                __ieee754_rem_pio2
 *fill*         0x00004fe4        0x4 
 .text.__kernel_cos
                0x00004fe8      0x18c d:/nxp/s32ds.3.6.0/s32ds/build_tools/gcc_v10.2/gcc-10.2-arm32-eabi/bin/../lib/gcc/arm-none-eabi/10.2.0/../../../../arm-none-eabi/lib/thumb/v7e-m+fp/hard\libm.a(lib_a-k_cos.o)
                0x00004fe8                __kernel_cos
 *fill*         0x00005174        0x4 
 .text.__kernel_rem_pio2
                0x00005178      0x698 d:/nxp/s32ds.3.6.0/s32ds/build_tools/gcc_v10.2/gcc-10.2-arm32-eabi/bin/../lib/gcc/arm-none-eabi/10.2.0/../../../../arm-none-eabi/lib/thumb/v7e-m+fp/hard\libm.a(lib_a-k_rem_pio2.o)
                0x00005178                __kernel_rem_pio2
 .text.__kernel_sin
                0x00005810      0x17c d:/nxp/s32ds.3.6.0/s32ds/build_tools/gcc_v10.2/gcc-10.2-arm32-eabi/bin/../lib/gcc/arm-none-eabi/10.2.0/../../../../arm-none-eabi/lib/thumb/v7e-m+fp/hard\libm.a(lib_a-k_sin.o)
                0x00005810                __kernel_sin
 .text.fabs     0x0000598c       0x12 d:/nxp/s32ds.3.6.0/s32ds/build_tools/gcc_v10.2/gcc-10.2-arm32-eabi/bin/../lib/gcc/arm-none-eabi/10.2.0/../../../../arm-none-eabi/lib/thumb/v7e-m+fp/hard\libm.a(lib_a-s_fabs.o)
                0x0000598c                fabs
 *fill*         0x0000599e        0x2 
 .text.floor    0x000059a0      0x100 d:/nxp/s32ds.3.6.0/s32ds/build_tools/gcc_v10.2/gcc-10.2-arm32-eabi/bin/../lib/gcc/arm-none-eabi/10.2.0/../../../../arm-none-eabi/lib/thumb/v7e-m+fp/hard\libm.a(lib_a-s_floor.o)
                0x000059a0                floor
 .text.scalbn   0x00005aa0      0x10c d:/nxp/s32ds.3.6.0/s32ds/build_tools/gcc_v10.2/gcc-10.2-arm32-eabi/bin/../lib/gcc/arm-none-eabi/10.2.0/../../../../arm-none-eabi/lib/thumb/v7e-m+fp/hard\libm.a(lib_a-s_scalbn.o)
                0x00005aa0                scalbn
                0x00005bac                . = ALIGN (0x4)
 *(.mcal_text)
 .mcal_text     0x00005bac      0x88c ./RTD/src/Clock_Ip.o
                0x00005bae                Clock_Ip_InitClock
                0x00006188                Clock_Ip_GetPllStatus
                0x0000622c                Clock_Ip_DistributePll
                0x00006320                Clock_Ip_Init
                0x00006344                Clock_Ip_DisableClockMonitor
                0x00006368                Clock_Ip_InstallNotificationsCallback
                0x00006374                Clock_Ip_DisableModuleClock
                0x0000639c                Clock_Ip_EnableModuleClock
                0x000063c4                Clock_Ip_PowerModeChangeNotification
                0x000063f0                Clock_Ip_ReportClockErrors
                0x000063fc                Clock_Ip_StartTimeout
                0x0000641c                Clock_Ip_TimeoutExpired
 .mcal_text     0x00006438      0x230 ./RTD/src/Clock_Ip_Divider.o
                0x0000643a                Clock_Ip_SetScgAsyncDiv1_TrustedCall
                0x00006470                Clock_Ip_SetScgAsyncDiv2_TrustedCall
                0x000064a8                Clock_Ip_SetScgRunDivcore_TrustedCall
                0x000064c8                Clock_Ip_SetScgRunDivbus_TrustedCall
                0x000064e8                Clock_Ip_SetScgRunDivslow_TrustedCall
                0x00006508                Clock_Ip_SetScgVlprDivcore_TrustedCall
                0x00006528                Clock_Ip_SetScgVlprDivbus_TrustedCall
                0x00006548                Clock_Ip_SetScgVlprDivslow_TrustedCall
                0x00006568                Clock_Ip_SetScgHsrunDivcore_TrustedCall
                0x00006588                Clock_Ip_SetScgHsrunDivbus_TrustedCall
                0x000065a8                Clock_Ip_SetScgHsrunDivslow_TrustedCall
                0x000065c8                Clock_Ip_SetSimClkoutDiv_TrustedCall
                0x000065ec                Clock_Ip_SetPccPcdDivFrac_TrustedCall
                0x00006630                Clock_Ip_SetSimTraceDivMul_TrustedCall
 .mcal_text     0x00006668        0x2 ./RTD/src/Clock_Ip_DividerTrigger.o
 *fill*         0x0000666a        0x2 
 .mcal_text     0x0000666c      0x17c ./RTD/src/Clock_Ip_ExtOsc.o
                0x000066bc                Clock_Ip_ResetSOSC_TrustedCall
                0x000066fc                Clock_Ip_SetSOSC_TrustedCall
                0x000067ac                Clock_Ip_DisableSOSC_TrustedCall
                0x000067c4                Clock_Ip_EnableSOSC_TrustedCall
 .mcal_text     0x000067e8        0x6 ./RTD/src/Clock_Ip_FracDiv.o
 .mcal_text     0x000067ee        0x2 ./RTD/src/Clock_Ip_Frequency.o
                0x000067ee                Clock_Ip_SetExternalSignalFrequency
 .mcal_text     0x000067f0      0x17c ./RTD/src/Clock_Ip_Gate.o
                0x000067f4                Clock_Ip_ClockSetSimLPO1KEnable_TrustedCall
                0x00006828                Clock_Ip_ClockSetSimLPO32KEnable_TrustedCall
                0x00006860                Clock_Ip_ClockSetSimClkoutEnable_TrustedCall
                0x00006898                Clock_Ip_ClockSetPccCgcEnable_TrustedCall
                0x000068e4                Clock_Ip_ClockSetSimGate_TrustedCall
                0x00006930                Clock_Ip_ClockSetSimTraceEnable_TrustedCall
 .mcal_text     0x0000696c      0x414 ./RTD/src/Clock_Ip_IntOsc.o
                0x000069c0                Clock_Ip_SetSirc_TrustedCall
                0x00006a68                Clock_Ip_EnableSirc_TrustedCall
                0x00006ac8                Clock_Ip_DisableSirc_TrustedCall
                0x00006aec                Clock_Ip_SetSircVlp_TrustedCall
                0x00006b28                Clock_Ip_EnableSircVlp_TrustedCall
                0x00006b4c                Clock_Ip_DisableSircVlp_TrustedCall
                0x00006b64                Clock_Ip_SetSircStop_TrustedCall
                0x00006ba0                Clock_Ip_EnableSircStop_TrustedCall
                0x00006bc4                Clock_Ip_DisableSircStop_TrustedCall
                0x00006bdc                Clock_Ip_SetFirc_TrustedCall
                0x00006d0c                Clock_Ip_EnableFirc_TrustedCall
                0x00006d68                Clock_Ip_DisableFirc_TrustedCall
 .mcal_text     0x00006d80        0x6 ./RTD/src/Clock_Ip_Monitor.o
 *fill*         0x00006d86        0x2 
 .mcal_text     0x00006d88      0x150 ./RTD/src/Clock_Ip_Pll.o
                0x00006de0                Clock_Ip_ResetSpll_TrustedCall
                0x00006e38                Clock_Ip_SetSpll_TrustedCall
                0x00006e90                Clock_Ip_DisableSpll_TrustedCall
                0x00006eb4                Clock_Ip_EnableSpll_TrustedCall
 .mcal_text     0x00006ed8        0x2 ./RTD/src/Clock_Ip_ProgFreqSwitch.o
 *fill*         0x00006eda        0x2 
 .mcal_text     0x00006edc      0x354 ./RTD/src/Clock_Ip_Selector.o
                0x00006ede                Clock_Ip_ResetScgRunSel_TrustedCall
                0x00006f08                Clock_Ip_SetScgRunSel_TrustedCall
                0x00006f34                Clock_Ip_SetScgVlprSel_TrustedCall
                0x00006f60                Clock_Ip_ResetScgHsrunSel_TrustedCall
                0x00006f88                Clock_Ip_SetScgHsrunSel_TrustedCall
                0x00006fb4                Clock_Ip_ResetSimRtcSel_TrustedCall
                0x00006fd8                Clock_Ip_SetSimRtcSel_TrustedCall
                0x00007000                Clock_Ip_ResetSimLpoSel_TrustedCall
                0x00007024                Clock_Ip_SetSimLpoSel_TrustedCall
                0x0000704c                Clock_Ip_ResetScgClkoutSel_TrustedCall
                0x00007070                Clock_Ip_SetScgClkoutSel_TrustedCall
                0x00007098                Clock_Ip_ResetSimFtmoptSel_TrustedCall
                0x000070e0                Clock_Ip_SetSimFtmoptSel_TrustedCall
                0x00007128                Clock_Ip_ResetSimClkoutSel_TrustedCall
                0x00007140                Clock_Ip_SetSimClkoutSel_TrustedCall
                0x00007168                Clock_Ip_ResetPccPcsSelect_TrustedCall
                0x0000719c                Clock_Ip_SetPccPcsSelect_TrustedCall
                0x000071dc                Clock_Ip_ResetSimTraceSel_TrustedCall
                0x00007204                Clock_Ip_SetSimTraceSel_TrustedCall
 .mcal_text     0x00007230      0x7a0 ./RTD/src/Clock_Ip_Specific.o
                0x00007410                SetFircToResetValue_TrustedCall
                0x0000742c                SetSimLpoclksRegister_TrustedCall
                0x000074a0                Clock_Ip_ClockPowerModeChangeNotification
                0x00007660                Clock_Ip_Command
 .mcal_text     0x000079d0       0xa4 ./RTD/src/Det.o
                0x000079d0                Det_Init
                0x000079d2                Det_ReportError
                0x00007a08                Det_ReportRuntimeError
                0x00007a3c                Det_ReportTransientFault
                0x00007a70                Det_Start
 .mcal_text     0x00007a74       0x18 ./RTD/src/Dio.o
                0x00007a74                Dio_ReadChannel
                0x00007a78                Dio_WriteChannel
                0x00007a7c                Dio_ReadPort
                0x00007a80                Dio_WritePort
                0x00007a84                Dio_ReadChannelGroup
                0x00007a88                Dio_WriteChannelGroup
 .mcal_text     0x00007a8c       0xa4 ./RTD/src/Dio_Ipw.o
                0x00007a8c                Dio_Ipw_ReadChannel
                0x00007aa0                Dio_Ipw_WriteChannel
                0x00007abc                Dio_Ipw_ReadPort
                0x00007acc                Dio_Ipw_WritePort
                0x00007adc                Dio_Ipw_ReadChannelGroup
                0x00007afc                Dio_Ipw_WriteChannelGroup
 .mcal_text     0x00007b30       0x4c ./RTD/src/Gpio_Dio_Ip.o
                0x00007b30                Gpio_Dio_Ip_WritePin
                0x00007b54                Gpio_Dio_Ip_WritePins
                0x00007b58                Gpio_Dio_Ip_GetPinsOutput
                0x00007b5c                Gpio_Dio_Ip_SetPins
                0x00007b60                Gpio_Dio_Ip_ClearPins
                0x00007b64                Gpio_Dio_Ip_TogglePins
                0x00007b68                Gpio_Dio_Ip_ReadPins
                0x00007b6c                Gpio_Dio_Ip_ReadPin
 .mcal_text     0x00007b7c      0x7ec ./RTD/src/Lpspi_Ip.o
                0x00007e44                Lpspi_Ip_DeInit
                0x00007e78                Lpspi_Ip_SyncTransmit
                0x00008130                Lpspi_Ip_AsyncTransmit
                0x000081ec                Lpspi_Ip_ManageBuffers
                0x0000821c                Lpspi_Ip_UpdateFrameSize
                0x00008238                Lpspi_Ip_UpdateLsb
                0x00008254                Lpspi_Ip_UpdateDefaultTransmitData
                0x00008270                Lpspi_Ip_UpdateTransferMode
                0x00008288                Lpspi_Ip_Init
                0x000082e0                Lpspi_Ip_Cancel
                0x00008328                Lpspi_Ip_IrqHandler
                0x00008358                Lpspi_Ip_GetStatus
 .mcal_text     0x00008368        0xe ./RTD/src/Lpspi_Ip_Irq.o
                0x00008368                Lpspi_Ip_LPSPI_0_IRQHandler
 *fill*         0x00008376        0x2 
 .mcal_text     0x00008378       0xb8 ./RTD/src/Mcu.o
                0x00008378                Mcu_Init
                0x000083c8                Mcu_InitRamSection
                0x000083cc                Mcu_InitClock
                0x000083f0                Mcu_SetMode
                0x0000841c                Mcu_GetPllStatus
                0x00008420                Mcu_GetResetReason
                0x00008424                Mcu_GetResetRawValue
                0x00008428                Mcu_SleepOnExit
                0x0000842c                Mcu_ClkSrcFailureNotification
 .mcal_text     0x00008430       0x1e ./RTD/src/Mcu_Ipw.o
                0x00008430                Mcu_Ipw_Init
                0x00008434                Mcu_Ipw_InitClock
                0x00008438                Mcu_Ipw_SetMode
                0x0000843c                Mcu_Ipw_GetResetReason
                0x00008440                Mcu_Ipw_GetResetRawValue
                0x00008444                Mcu_Ipw_SleepOnExit
 .mcal_text     0x0000844e       0x1e ./RTD/src/OsIf_Timer.o
                0x0000844e                OsIf_Init
                0x00008456                OsIf_GetCounter
                0x0000845a                OsIf_GetElapsed
                0x00008462                OsIf_SetTimerFrequency
                0x00008464                OsIf_MicrosToTicks
 .mcal_text     0x0000846c       0x44 ./RTD/src/OsIf_Timer_System_Internal_Systick.o
                0x0000846c                OsIf_Timer_System_Internal_Init
                0x00008482                OsIf_Timer_System_Internal_GetCounter
                0x0000848e                OsIf_Timer_System_Internal_GetElapsed
 .mcal_text     0x000084b0       0xe0 ./RTD/src/Port.o
                0x000084b0                Port_Init
                0x000084e8                Port_SetPinDirection
                0x00008518                Port_SetPinMode
                0x00008544                Port_RefreshPortDirection
                0x00008570                Port_GetVersionInfo
 .mcal_text     0x00008590      0x274 ./RTD/src/Port_Ci_Port_Ip.o
                0x00008590                Port_Ci_Port_Ip_ConfigureInterleave
                0x00008624                Port_Ci_Port_Ip_Init
                0x00008758                Port_Ci_Port_Ip_SetMuxModeSel
                0x00008784                Port_Ci_Port_Ip_EnableDigitalFilter
                0x000087a6                Port_Ci_Port_Ip_DisableDigitalFilter
                0x000087ca                Port_Ci_Port_Ip_ConfigDigitalFilter
                0x000087e0                Port_Ci_Port_Ip_SetGlobalPinControl
 .mcal_text     0x00008804      0x428 ./RTD/src/Port_Ipw.o
                0x00008804                Port_Ipw_Init
                0x00008970                Port_Ipw_SetPinDirection
                0x00008a30                Port_Ipw_SetGpioDirChangeability
                0x00008a68                Port_Ipw_SetGpioPadOutput
                0x00008aa8                Port_Ipw_SetPinMode
                0x00008b78                Port_Ipw_RefreshPortDirection
 .mcal_text     0x00008c2c       0x98 ./RTD/src/Power_Ip.o
                0x00008c2c                Power_Ip_SetMode
                0x00008c7c                Power_Ip_GetResetReason
                0x00008c94                Power_Ip_GetResetRawValue
                0x00008c98                Power_Ip_Init
                0x00008cb2                Power_Ip_DisableSleepOnExit
                0x00008cb6                Power_Ip_EnableSleepOnExit
                0x00008cba                Power_Ip_InstallNotificationsCallback
 .mcal_text     0x00008cc4       0x40 ./RTD/src/Power_Ip_CortexM4.o
                0x00008cc4                Power_Ip_CM4_DisableSleepOnExit
                0x00008cd4                Power_Ip_CM4_EnableSleepOnExit
                0x00008ce4                Power_Ip_CM4_EnableDeepSleep
                0x00008cf4                Power_Ip_CM4_DisableDeepSleep
 .mcal_text     0x00008d04       0x2c ./RTD/src/Power_Ip_PMC.o
                0x00008d04                Power_Ip_PMC_PowerInit
 .mcal_text     0x00008d30       0x4c ./RTD/src/Power_Ip_Private.o
                0x00008d30                Power_Ip_ReportPowerErrors
                0x00008d3c                Power_Ip_ReportPowerErrorsEmptyCallback
                0x00008d3e                Power_Ip_StartTimeout
                0x00008d5e                Power_Ip_TimeoutExpired
 .mcal_text     0x00008d7c       0x9c ./RTD/src/Power_Ip_RCM.o
                0x00008d7c                Power_Ip_RCM_ResetInit
                0x00008d9c                Power_Ip_RCM_GetResetReason
                0x00008df8                Power_Ip_RCM_GetResetRawValue
 .mcal_text     0x00008e18      0x138 ./RTD/src/Power_Ip_SMC.o
                0x00008e18                Power_Ip_SMC_AllowedModesConfig
                0x00008e28                Power_Ip_SMC_ModeCheckEntry
                0x00008e64                Power_Ip_SMC_ModeConfig
 .mcal_text     0x00008f50       0xe4 ./RTD/src/Ram_Ip.o
                0x00008f50                Ram_Ip_InitRamSection
 .mcal_text     0x00009034       0xc8 ./RTD/src/SchM_Dio.o
                0x00009034                SchM_Enter_Dio_DIO_EXCLUSIVE_AREA_00
                0x00009068                SchM_Exit_Dio_DIO_EXCLUSIVE_AREA_00
                0x00009098                SchM_Enter_Dio_DIO_EXCLUSIVE_AREA_01
                0x000090cc                SchM_Exit_Dio_DIO_EXCLUSIVE_AREA_01
 .mcal_text     0x000090fc      0x12c ./RTD/src/SchM_Mcu.o
                0x000090fc                SchM_Enter_Mcu_MCU_EXCLUSIVE_AREA_00
                0x00009130                SchM_Exit_Mcu_MCU_EXCLUSIVE_AREA_00
                0x00009160                SchM_Enter_Mcu_MCU_EXCLUSIVE_AREA_01
                0x00009194                SchM_Exit_Mcu_MCU_EXCLUSIVE_AREA_01
                0x000091c4                SchM_Enter_Mcu_MCU_EXCLUSIVE_AREA_02
                0x000091f8                SchM_Exit_Mcu_MCU_EXCLUSIVE_AREA_02
 .mcal_text     0x00009228      0xaf0 ./RTD/src/SchM_Port.o
                0x00009228                SchM_Enter_Port_PORT_EXCLUSIVE_AREA_00
                0x0000925c                SchM_Exit_Port_PORT_EXCLUSIVE_AREA_00
                0x0000928c                SchM_Enter_Port_PORT_EXCLUSIVE_AREA_01
                0x000092c0                SchM_Exit_Port_PORT_EXCLUSIVE_AREA_01
                0x000092f0                SchM_Enter_Port_PORT_EXCLUSIVE_AREA_02
                0x00009324                SchM_Exit_Port_PORT_EXCLUSIVE_AREA_02
                0x00009354                SchM_Enter_Port_PORT_EXCLUSIVE_AREA_03
                0x00009388                SchM_Exit_Port_PORT_EXCLUSIVE_AREA_03
                0x000093b8                SchM_Enter_Port_PORT_EXCLUSIVE_AREA_04
                0x000093ec                SchM_Exit_Port_PORT_EXCLUSIVE_AREA_04
                0x0000941c                SchM_Enter_Port_PORT_EXCLUSIVE_AREA_05
                0x00009450                SchM_Exit_Port_PORT_EXCLUSIVE_AREA_05
                0x00009480                SchM_Enter_Port_PORT_EXCLUSIVE_AREA_06
                0x000094b4                SchM_Exit_Port_PORT_EXCLUSIVE_AREA_06
                0x000094e4                SchM_Enter_Port_PORT_EXCLUSIVE_AREA_07
                0x00009518                SchM_Exit_Port_PORT_EXCLUSIVE_AREA_07
                0x00009548                SchM_Enter_Port_PORT_EXCLUSIVE_AREA_08
                0x0000957c                SchM_Exit_Port_PORT_EXCLUSIVE_AREA_08
                0x000095ac                SchM_Enter_Port_PORT_EXCLUSIVE_AREA_09
                0x000095e0                SchM_Exit_Port_PORT_EXCLUSIVE_AREA_09
                0x00009610                SchM_Enter_Port_PORT_EXCLUSIVE_AREA_10
                0x00009644                SchM_Exit_Port_PORT_EXCLUSIVE_AREA_10
                0x00009674                SchM_Enter_Port_PORT_EXCLUSIVE_AREA_11
                0x000096a8                SchM_Exit_Port_PORT_EXCLUSIVE_AREA_11
                0x000096d8                SchM_Enter_Port_PORT_EXCLUSIVE_AREA_12
                0x0000970c                SchM_Exit_Port_PORT_EXCLUSIVE_AREA_12
                0x0000973c                SchM_Enter_Port_PORT_EXCLUSIVE_AREA_13
                0x00009770                SchM_Exit_Port_PORT_EXCLUSIVE_AREA_13
                0x000097a0                SchM_Enter_Port_PORT_EXCLUSIVE_AREA_14
                0x000097d4                SchM_Exit_Port_PORT_EXCLUSIVE_AREA_14
                0x00009804                SchM_Enter_Port_PORT_EXCLUSIVE_AREA_15
                0x00009838                SchM_Exit_Port_PORT_EXCLUSIVE_AREA_15
                0x00009868                SchM_Enter_Port_PORT_EXCLUSIVE_AREA_16
                0x0000989c                SchM_Exit_Port_PORT_EXCLUSIVE_AREA_16
                0x000098cc                SchM_Enter_Port_PORT_EXCLUSIVE_AREA_17
                0x00009900                SchM_Exit_Port_PORT_EXCLUSIVE_AREA_17
                0x00009930                SchM_Enter_Port_PORT_EXCLUSIVE_AREA_18
                0x00009964                SchM_Exit_Port_PORT_EXCLUSIVE_AREA_18
                0x00009994                SchM_Enter_Port_PORT_EXCLUSIVE_AREA_19
                0x000099c8                SchM_Exit_Port_PORT_EXCLUSIVE_AREA_19
                0x000099f8                SchM_Enter_Port_PORT_EXCLUSIVE_AREA_20
                0x00009a2c                SchM_Exit_Port_PORT_EXCLUSIVE_AREA_20
                0x00009a5c                SchM_Enter_Port_PORT_EXCLUSIVE_AREA_21
                0x00009a90                SchM_Exit_Port_PORT_EXCLUSIVE_AREA_21
                0x00009ac0                SchM_Enter_Port_PORT_EXCLUSIVE_AREA_22
                0x00009af4                SchM_Exit_Port_PORT_EXCLUSIVE_AREA_22
                0x00009b24                SchM_Enter_Port_PORT_EXCLUSIVE_AREA_23
                0x00009b58                SchM_Exit_Port_PORT_EXCLUSIVE_AREA_23
                0x00009b88                SchM_Enter_Port_PORT_EXCLUSIVE_AREA_24
                0x00009bbc                SchM_Exit_Port_PORT_EXCLUSIVE_AREA_24
                0x00009bec                SchM_Enter_Port_PORT_EXCLUSIVE_AREA_25
                0x00009c20                SchM_Exit_Port_PORT_EXCLUSIVE_AREA_25
                0x00009c50                SchM_Enter_Port_PORT_EXCLUSIVE_AREA_26
                0x00009c84                SchM_Exit_Port_PORT_EXCLUSIVE_AREA_26
                0x00009cb4                SchM_Enter_Port_PORT_EXCLUSIVE_AREA_27
                0x00009ce8                SchM_Exit_Port_PORT_EXCLUSIVE_AREA_27
 .mcal_text     0x00009d18      0x76c ./RTD/src/SchM_Spi.o
                0x00009d18                SchM_Enter_Spi_SPI_EXCLUSIVE_AREA_00
                0x00009d4c                SchM_Exit_Spi_SPI_EXCLUSIVE_AREA_00
                0x00009d7c                SchM_Enter_Spi_SPI_EXCLUSIVE_AREA_01
                0x00009db0                SchM_Exit_Spi_SPI_EXCLUSIVE_AREA_01
                0x00009de0                SchM_Enter_Spi_SPI_EXCLUSIVE_AREA_02
                0x00009e14                SchM_Exit_Spi_SPI_EXCLUSIVE_AREA_02
                0x00009e44                SchM_Enter_Spi_SPI_EXCLUSIVE_AREA_03
                0x00009e78                SchM_Exit_Spi_SPI_EXCLUSIVE_AREA_03
                0x00009ea8                SchM_Enter_Spi_SPI_EXCLUSIVE_AREA_04
                0x00009edc                SchM_Exit_Spi_SPI_EXCLUSIVE_AREA_04
                0x00009f0c                SchM_Enter_Spi_SPI_EXCLUSIVE_AREA_05
                0x00009f40                SchM_Exit_Spi_SPI_EXCLUSIVE_AREA_05
                0x00009f70                SchM_Enter_Spi_SPI_EXCLUSIVE_AREA_06
                0x00009fa4                SchM_Exit_Spi_SPI_EXCLUSIVE_AREA_06
                0x00009fd4                SchM_Enter_Spi_SPI_EXCLUSIVE_AREA_07
                0x0000a008                SchM_Exit_Spi_SPI_EXCLUSIVE_AREA_07
                0x0000a038                SchM_Enter_Spi_SPI_EXCLUSIVE_AREA_08
                0x0000a06c                SchM_Exit_Spi_SPI_EXCLUSIVE_AREA_08
                0x0000a09c                SchM_Enter_Spi_SPI_EXCLUSIVE_AREA_09
                0x0000a0d0                SchM_Exit_Spi_SPI_EXCLUSIVE_AREA_09
                0x0000a100                SchM_Enter_Spi_SPI_EXCLUSIVE_AREA_10
                0x0000a134                SchM_Exit_Spi_SPI_EXCLUSIVE_AREA_10
                0x0000a164                SchM_Enter_Spi_SPI_EXCLUSIVE_AREA_11
                0x0000a198                SchM_Exit_Spi_SPI_EXCLUSIVE_AREA_11
                0x0000a1c8                SchM_Enter_Spi_SPI_EXCLUSIVE_AREA_12
                0x0000a1fc                SchM_Exit_Spi_SPI_EXCLUSIVE_AREA_12
                0x0000a22c                SchM_Enter_Spi_SPI_EXCLUSIVE_AREA_13
                0x0000a260                SchM_Exit_Spi_SPI_EXCLUSIVE_AREA_13
                0x0000a290                SchM_Enter_Spi_SPI_EXCLUSIVE_AREA_14
                0x0000a2c4                SchM_Exit_Spi_SPI_EXCLUSIVE_AREA_14
                0x0000a2f4                SchM_Enter_Spi_SPI_EXCLUSIVE_AREA_15
                0x0000a328                SchM_Exit_Spi_SPI_EXCLUSIVE_AREA_15
                0x0000a358                SchM_Enter_Spi_SPI_EXCLUSIVE_AREA_16
                0x0000a38c                SchM_Exit_Spi_SPI_EXCLUSIVE_AREA_16
                0x0000a3bc                SchM_Enter_Spi_SPI_EXCLUSIVE_AREA_17
                0x0000a3f0                SchM_Exit_Spi_SPI_EXCLUSIVE_AREA_17
                0x0000a420                SchM_Enter_Spi_SPI_EXCLUSIVE_AREA_18
                0x0000a454                SchM_Exit_Spi_SPI_EXCLUSIVE_AREA_18
 .mcal_text     0x0000a484      0xb24 ./RTD/src/Spi.o
                0x0000a5c8                Spi_GetVersionInfo
                0x0000a5e8                Spi_Init
                0x0000a6e4                Spi_WriteIB
                0x0000a764                Spi_AsyncTransmit
                0x0000a95c                Spi_ReadIB
                0x0000a9a8                Spi_SetupEB
                0x0000aa64                Spi_GetStatus
                0x0000aab0                Spi_DeInit
                0x0000aaf4                Spi_GetJobResult
                0x0000ab3c                Spi_GetSequenceResult
                0x0000ab84                Spi_SyncTransmit
                0x0000ad98                Spi_GetHWUnitStatus
                0x0000add4                Spi_Cancel
                0x0000ae18                Spi_SetAsyncMode
                0x0000ae78                Spi_MainFunction_Handling
                0x0000aea4                Spi_JobTransferFinished
 .mcal_text     0x0000afa8      0x428 ./RTD/src/Spi_Ipw.o
                0x0000b0da                Spi_Ipw_Init
                0x0000b0f0                Spi_Ipw_DeInit
                0x0000b10c                Spi_Ipw_SyncTransmit
                0x0000b298                Spi_Ipw_IrqPoll
                0x0000b2c4                Spi_Ipw_IrqConfig
                0x0000b2f0                Spi_Ipw_JobTransfer
                0x0000b3d0                . = ALIGN (0x4)
                0x0000b3d0                acfls_code_rom_start = .
                0x0000b3d0                . = ALIGN (0x4)
 *(.acfls_code_rom)
                0x0000b3d0                . = ALIGN (0x4)
 *(.acmem_43_INFLS_code_rom)
                0x0000b3d0                . = ALIGN (0x4)
                0x0000b3d0                acfls_code_rom_end = .
 *(.init)
                0x0000b3d0                . = ALIGN (0x4)
 *(.fini)
                0x0000b3d0                . = ALIGN (0x4)
 *(.rodata)
 .rodata        0x0000b3d0        0x6 ./src/FT81_misc.o
 .rodata        0x0000b3d6       0x28 ./src/display.o
 *(.rodata*)
 .rodata.str1.1
                0x0000b3fe       0x22 ./src/display.o
 .rodata.npio2_hw
                0x0000b420       0x80 d:/nxp/s32ds.3.6.0/s32ds/build_tools/gcc_v10.2/gcc-10.2-arm32-eabi/bin/../lib/gcc/arm-none-eabi/10.2.0/../../../../arm-none-eabi/lib/thumb/v7e-m+fp/hard\libm.a(lib_a-e_rem_pio2.o)
 .rodata.two_over_pi
                0x0000b4a0      0x108 d:/nxp/s32ds.3.6.0/s32ds/build_tools/gcc_v10.2/gcc-10.2-arm32-eabi/bin/../lib/gcc/arm-none-eabi/10.2.0/../../../../arm-none-eabi/lib/thumb/v7e-m+fp/hard\libm.a(lib_a-e_rem_pio2.o)
 .rodata.PIo2   0x0000b5a8       0x40 d:/nxp/s32ds.3.6.0/s32ds/build_tools/gcc_v10.2/gcc-10.2-arm32-eabi/bin/../lib/gcc/arm-none-eabi/10.2.0/../../../../arm-none-eabi/lib/thumb/v7e-m+fp/hard\libm.a(lib_a-k_rem_pio2.o)
 .rodata.init_jk
                0x0000b5e8       0x10 d:/nxp/s32ds.3.6.0/s32ds/build_tools/gcc_v10.2/gcc-10.2-arm32-eabi/bin/../lib/gcc/arm-none-eabi/10.2.0/../../../../arm-none-eabi/lib/thumb/v7e-m+fp/hard\libm.a(lib_a-k_rem_pio2.o)
                0x0000b5f8                . = ALIGN (0x4)
 *(.mcal_const_cfg)
 .mcal_const_cfg
                0x0000b5f8      0x3f8 ./generate/src/Clock_Ip_VS_0_PBcfg.o
                0x0000b5f8                Mcu_aClockConfigPB_VS_0
 .mcal_const_cfg
                0x0000b9f0       0x10 ./generate/src/Dio_Cfg.o
                0x0000b9f0                Dio_Config
 .mcal_const_cfg
                0x0000ba00       0x24 ./generate/src/Lpspi_Ip_VS_0_PBcfg.o
                0x0000ba00                Lpspi_Ip_PhyUnitConfig_SpiPhyUnit_0_Instance_0_VS_0
                0x0000ba14                Lpspi_Ip_DeviceAttributes_SpiExternalDevice_Display_Instance_0_VS_0
 .mcal_const_cfg
                0x0000ba24       0x1c ./generate/src/Mcu_VS_0_PBcfg.o
                0x0000ba24                Mcu_Config_VS_0
 .mcal_const_cfg
                0x0000ba40       0xc8 ./generate/src/Port_Ci_Port_Ip_VS_0_PBcfg.o
                0x0000ba40                g_pin_mux_InitConfigArr_VS_0
 .mcal_const_cfg
                0x0000bb08      0x149 ./generate/src/Port_VS_0_PBcfg.o
                0x0000bb08                Port_Config
 *fill*         0x0000bc51        0x3 
 .mcal_const_cfg
                0x0000bc54       0x28 ./generate/src/Power_Ip_VS_0_PBcfg.o
                0x0000bc54                Power_Ip_HwIPsConfigPB_VS_0
                0x0000bc60                Power_Ip_aModeConfigPB_VS_0
 .mcal_const_cfg
                0x0000bc7c       0x2c ./generate/src/Spi_Ipw_VS_0_PBcfg.o
                0x0000bc7c                Spi_aHwUnitConfigList_VS_0
                0x0000bc94                Spi_aExternalDeviceConfigList_VS_0
 .mcal_const_cfg
                0x0000bca8       0x8c ./generate/src/Spi_VS_0_PBcfg.o
                0x0000bca8                Spi_PBCfgVariantPredefined
                0x0000bd34                . = ALIGN (0x4)
 *(.mcal_const)
 .mcal_const    0x0000bd34      0x59e ./RTD/src/Clock_Ip_Data.o
                0x0000bd34                Clock_Ip_aeHwDfsName
                0x0000bd38                Clock_Ip_aeHwPllName
                0x0000bd3c                Clock_Ip_aeSourceTypeClockName
                0x0000bdf8                Clock_Ip_apxScgPeriphAsyncDivs
                0x0000be08                Clock_Ip_au8DividerValueHardwareValue
                0x0000be49                Clock_Ip_au8SelectorEntrySIMHardwareValue
                0x0000be78                Clock_Ip_au8SelectorEntryPcsHardwareValue
                0x0000bea7                Clock_Ip_au8SelectorEntryScsHardwareValue
                0x0000bed6                Clock_Ip_au16SelectorEntryHardwareValue
                0x0000bf2d                Clock_Ip_au8ClockFeatures
                0x0000c23c                Clock_Ip_au8CmuCallbackIndex
                0x0000c24b                Clock_Ip_au8PcfsCallbackIndex
                0x0000c25a                Clock_Ip_au8SelectorCallbackIndex
                0x0000c269                Clock_Ip_au8PllCallbackIndex
                0x0000c278                Clock_Ip_au8FractionalDividerCallbackIndex
                0x0000c287                Clock_Ip_au8GateCallbackIndex
                0x0000c296                Clock_Ip_au8IrcoscCallbackIndex
                0x0000c2a5                Clock_Ip_au8XoscCallbackIndex
                0x0000c2b4                Clock_Ip_au8DividerTriggerCallbackIndex
                0x0000c2c3                Clock_Ip_au8DividerCallbackIndex
 *fill*         0x0000c2d2        0x2 
 .mcal_const    0x0000c2d4       0x3c ./RTD/src/Clock_Ip_Divider.o
                0x0000c2d4                Clock_Ip_axDividerCallbacks
 .mcal_const    0x0000c310        0x8 ./RTD/src/Clock_Ip_DividerTrigger.o
                0x0000c310                Clock_Ip_axDividerTriggerCallbacks
 .mcal_const    0x0000c318       0x28 ./RTD/src/Clock_Ip_ExtOsc.o
                0x0000c318                Clock_Ip_axExtOscCallbacks
 .mcal_const    0x0000c340        0xc ./RTD/src/Clock_Ip_FracDiv.o
                0x0000c340                Clock_Ip_axFracDivCallbacks
 .mcal_const    0x0000c34c       0x38 ./RTD/src/Clock_Ip_Gate.o
                0x0000c34c                Clock_Ip_axGateCallbacks
 .mcal_const    0x0000c384       0x3c ./RTD/src/Clock_Ip_IntOsc.o
                0x0000c384                Clock_Ip_axIntOscCallbacks
 .mcal_const    0x0000c3c0       0x10 ./RTD/src/Clock_Ip_Monitor.o
                0x0000c3c0                Clock_Ip_axCmuCallbacks
 .mcal_const    0x0000c3d0       0x28 ./RTD/src/Clock_Ip_Pll.o
                0x0000c3d0                Clock_Ip_axPllCallbacks
 .mcal_const    0x0000c3f8        0x4 ./RTD/src/Clock_Ip_ProgFreqSwitch.o
                0x0000c3f8                Clock_Ip_axPcfsCallbacks
 .mcal_const    0x0000c3fc       0x58 ./RTD/src/Clock_Ip_Selector.o
                0x0000c3fc                Clock_Ip_axSelectorCallbacks
 .mcal_const    0x0000c454       0x1c ./RTD/src/Clock_Ip_Specific.o
 .mcal_const    0x0000c470        0xc ./RTD/src/Lpspi_Ip.o
 .mcal_const    0x0000c47c       0x28 ./RTD/src/Port_Ci_Port_Ip.o
                0x0000c47c                Port_au32PortCiGpioBaseAddr
                0x0000c490                Port_au32PortCiPortBaseAddr
 .mcal_const    0x0000c4a4       0x3c ./RTD/src/Power_Ip.o
 .mcal_const    0x0000c4e0      0x280 ./generate/src/Dio_Cfg.o
                0x0000c4e0                Dio_aAvailablePinsForRead
                0x0000c4f4                Dio_aAvailablePinsForWrite
                0x0000c508                Dio_au32PortToPartitionMap
                0x0000c51c                Dio_au32ChannelToPartitionMap
 .mcal_const    0x0000c760       0xa0 ./generate/src/Port_Cfg.o
                0x0000c760                Port_au16PinDescription
                0x0000c800                . = ALIGN (0x4)
 *(.mcal_const_no_cacheable)
                0x0000c800                . = ALIGN (0x4)
                0x0000c800                __init_table = .
 *(.init_table)
 .init_table    0x0000c800       0x1c ./Project_Settings/Startup_Code/startup_cm4.o
                0x0000c81c                . = ALIGN (0x4)
                0x0000c81c                __zero_table = .
 *(.zero_table)
 .zero_table    0x0000c81c        0xc ./Project_Settings/Startup_Code/startup_cm4.o
                0x0000c828                . = ALIGN (0x4)
 *(.acmcu_code_rom)
                0x0000c828                . = ALIGN (0x4)
                0x0000c828                _etext = .
                0x0000c828                __DATA_ROM = .

.glue_7         0x0000c828        0x0
 .glue_7        0x0000c828        0x0 linker stubs

.glue_7t        0x0000c828        0x0
 .glue_7t       0x0000c828        0x0 linker stubs

.vfp11_veneer   0x0000c828        0x0
 .vfp11_veneer  0x0000c828        0x0 linker stubs

.v4_bx          0x0000c828        0x0
 .v4_bx         0x0000c828        0x0 linker stubs

.iplt           0x0000c828        0x0
 .iplt          0x0000c828        0x0 ./Project_Settings/Startup_Code/Vector_Table.o

.igot.plt       0x0000c828        0x0
 .igot.plt      0x0000c828        0x0 ./Project_Settings/Startup_Code/Vector_Table.o

.rel.dyn        0x0000c828        0x0
 .rel.iplt      0x0000c828        0x0 ./Project_Settings/Startup_Code/Vector_Table.o
                0x0000c828                . = ALIGN (0x4)
                [!provide]                PROVIDE (__exidx_start = .)

.ARM.exidx
 *(.ARM.exidx* .gnu.linkonce.armexidx.*)
                0x0000c828                . = ALIGN (0x4)
                [!provide]                PROVIDE (__exidx_end = .)

.ARM.extab      0x1fff8100        0x0
 *(.ARM.extab*)
                0x1fff8100                . = ALIGN (0x4)

.sram_interrupts
                0x1fff8100      0xa10
                0x1fff8800                . = ALIGN (0x800)
 *fill*         0x1fff8100      0x700 
                0x1fff8800                __interrupts_ram_start = .
                0x1fff8b10                . = (. + (__interrupts_rom_end - __interrupts_rom_start))
 *fill*         0x1fff8800      0x310 
                0x1fff8b10                . = ALIGN (0x4)
                0x1fff8b10                __interrupts_ram_end = .

.sram_data      0x1fff8b10       0x3c load address 0x0000c828
                0x1fff8b10                . = ALIGN (0x4)
                0x1fff8b10                __data_ram_start = .
 *(.ramcode)
                0x1fff8b10                . = ALIGN (0x4)
 *(.data)
 .data          0x1fff8b10        0x0 ./Project_Settings/Startup_Code/Vector_Table.o
 .data          0x1fff8b10        0x0 ./Project_Settings/Startup_Code/exceptions.o
 .data          0x1fff8b10        0x0 ./Project_Settings/Startup_Code/nvic.o
 .data          0x1fff8b10        0x0 ./Project_Settings/Startup_Code/startup.o
 .data          0x1fff8b10        0x0 ./Project_Settings/Startup_Code/startup_cm4.o
 .data          0x1fff8b10        0x0 ./Project_Settings/Startup_Code/system.o
 .data          0x1fff8b10        0x4 ./RTD/src/Clock_Ip.o
 .data          0x1fff8b14        0x0 ./RTD/src/Clock_Ip_Data.o
 .data          0x1fff8b14        0x0 ./RTD/src/Clock_Ip_Divider.o
 .data          0x1fff8b14        0x0 ./RTD/src/Clock_Ip_DividerTrigger.o
 .data          0x1fff8b14        0x0 ./RTD/src/Clock_Ip_ExtOsc.o
 .data          0x1fff8b14        0x0 ./RTD/src/Clock_Ip_FracDiv.o
 .data          0x1fff8b14        0x0 ./RTD/src/Clock_Ip_Frequency.o
 .data          0x1fff8b14        0x0 ./RTD/src/Clock_Ip_Gate.o
 .data          0x1fff8b14        0x0 ./RTD/src/Clock_Ip_IntOsc.o
 .data          0x1fff8b14        0x0 ./RTD/src/Clock_Ip_Irq.o
 .data          0x1fff8b14        0x0 ./RTD/src/Clock_Ip_Monitor.o
 .data          0x1fff8b14        0x0 ./RTD/src/Clock_Ip_Pll.o
 .data          0x1fff8b14        0x0 ./RTD/src/Clock_Ip_ProgFreqSwitch.o
 .data          0x1fff8b14        0x0 ./RTD/src/Clock_Ip_Selector.o
 .data          0x1fff8b14        0x0 ./RTD/src/Clock_Ip_Specific.o
 .data          0x1fff8b14        0x0 ./RTD/src/Det.o
 .data          0x1fff8b14        0x0 ./RTD/src/Dio.o
 .data          0x1fff8b14        0x0 ./RTD/src/Dio_Ipw.o
 .data          0x1fff8b14        0x0 ./RTD/src/Flexio_Spi_Ip.o
 .data          0x1fff8b14        0x0 ./RTD/src/Flexio_Spi_Ip_Irq.o
 .data          0x1fff8b14        0x0 ./RTD/src/Gpio_Dio_Ip.o
 .data          0x1fff8b14        0x0 ./RTD/src/Lpspi_Ip.o
 .data          0x1fff8b14        0x0 ./RTD/src/Lpspi_Ip_Irq.o
 .data          0x1fff8b14        0x0 ./RTD/src/Mcu.o
 .data          0x1fff8b14        0x0 ./RTD/src/Mcu_Dem_Wrapper.o
 .data          0x1fff8b14        0x0 ./RTD/src/Mcu_Ipw.o
 .data          0x1fff8b14        0x0 ./RTD/src/Mcu_Ipw_Irq.o
 .data          0x1fff8b14        0x0 ./RTD/src/OsIf_Interrupts.o
 .data          0x1fff8b14        0x0 ./RTD/src/OsIf_Timer.o
 .data          0x1fff8b14        0x0 ./RTD/src/OsIf_Timer_System.o
 .data          0x1fff8b14        0x0 ./RTD/src/OsIf_Timer_System_Internal_Systick.o
 .data          0x1fff8b14        0x0 ./RTD/src/Port.o
 .data          0x1fff8b14        0x0 ./RTD/src/Port_Ci_Port_Ip.o
 .data          0x1fff8b14        0x0 ./RTD/src/Port_Ipw.o
 .data          0x1fff8b14        0x0 ./RTD/src/Power_Ip.o
 .data          0x1fff8b14        0x0 ./RTD/src/Power_Ip_AEC.o
 .data          0x1fff8b14        0x0 ./RTD/src/Power_Ip_CortexM4.o
 .data          0x1fff8b14        0x0 ./RTD/src/Power_Ip_PMC.o
 .data          0x1fff8b14        0x0 ./RTD/src/Power_Ip_PMC_Irq.o
 .data          0x1fff8b14        0x0 ./RTD/src/Power_Ip_Private.o
 .data          0x1fff8b14        0x0 ./RTD/src/Power_Ip_RCM.o
 .data          0x1fff8b14        0x0 ./RTD/src/Power_Ip_RCM_Irq.o
 .data          0x1fff8b14        0x0 ./RTD/src/Power_Ip_SIM.o
 .data          0x1fff8b14        0x0 ./RTD/src/Power_Ip_SMC.o
 .data          0x1fff8b14        0x0 ./RTD/src/Ram_Ip.o
 .data          0x1fff8b14        0x0 ./RTD/src/SchM_Dio.o
 .data          0x1fff8b14        0x0 ./RTD/src/SchM_Mcu.o
 .data          0x1fff8b14        0x0 ./RTD/src/SchM_Port.o
 .data          0x1fff8b14        0x0 ./RTD/src/SchM_Spi.o
 .data          0x1fff8b14        0x0 ./RTD/src/Spi.o
 .data          0x1fff8b14        0x0 ./RTD/src/Spi_Ipw.o
 .data          0x1fff8b14        0x0 ./board/Port_Ci_Port_Ip_Cfg.o
 .data          0x1fff8b14        0x0 ./generate/src/Clock_Ip_Cfg.o
 .data          0x1fff8b14        0x0 ./generate/src/Clock_Ip_VS_0_PBcfg.o
 .data          0x1fff8b14        0x0 ./generate/src/Dio_Cfg.o
 .data          0x1fff8b14        0x0 ./generate/src/Flexio_Spi_Ip_VS_0_PBcfg.o
 .data          0x1fff8b14        0x0 ./generate/src/Lpspi_Ip_VS_0_PBcfg.o
 .data          0x1fff8b14        0x0 ./generate/src/Mcu_Cfg.o
 .data          0x1fff8b14        0x0 ./generate/src/Mcu_VS_0_PBcfg.o
 .data          0x1fff8b14        0x0 ./generate/src/OsIf_Cfg.o
 .data          0x1fff8b14        0x0 ./generate/src/Port_Cfg.o
 .data          0x1fff8b14        0x0 ./generate/src/Port_Ci_Port_Ip_VS_0_PBcfg.o
 .data          0x1fff8b14        0x0 ./generate/src/Port_VS_0_PBcfg.o
 .data          0x1fff8b14        0x0 ./generate/src/Power_Ip_Cfg.o
 .data          0x1fff8b14        0x0 ./generate/src/Power_Ip_VS_0_PBcfg.o
 .data          0x1fff8b14        0x0 ./generate/src/Ram_Ip_Cfg.o
 .data          0x1fff8b14        0x0 ./generate/src/Ram_Ip_VS_0_PBcfg.o
 .data          0x1fff8b14        0x0 ./generate/src/Spi_Ipw_VS_0_PBcfg.o
 .data          0x1fff8b14        0x0 ./generate/src/Spi_VS_0_PBcfg.o
 .data          0x1fff8b14        0x0 ./src/FT81_display.o
 .data          0x1fff8b14        0x0 ./src/FT81_misc.o
 .data          0x1fff8b14        0x0 ./src/FT81_sound.o
 .data          0x1fff8b14        0x0 ./src/FT81_touch.o
 .data          0x1fff8b14        0x0 ./src/display.o
 .data          0x1fff8b14       0x12 ./src/main.o
                0x1fff8b14                testValues
 .data          0x1fff8b26        0x0 d:/nxp/s32ds.3.6.0/s32ds/build_tools/gcc_v10.2/gcc-10.2-arm32-eabi/bin/../lib/gcc/arm-none-eabi/10.2.0/../../../../arm-none-eabi/lib/thumb/v7e-m+fp/hard\libc_nano.a(lib_a-memset.o)
 .data          0x1fff8b26        0x0 d:/nxp/s32ds.3.6.0/s32ds/build_tools/gcc_v10.2/gcc-10.2-arm32-eabi/bin/../lib/gcc/arm-none-eabi/10.2.0/../../../../arm-none-eabi/lib/thumb/v7e-m+fp/hard\libm.a(lib_a-s_cos.o)
 .data          0x1fff8b26        0x0 d:/nxp/s32ds.3.6.0/s32ds/build_tools/gcc_v10.2/gcc-10.2-arm32-eabi/bin/../lib/gcc/arm-none-eabi/10.2.0/../../../../arm-none-eabi/lib/thumb/v7e-m+fp/hard\libm.a(lib_a-s_sin.o)
 .data          0x1fff8b26        0x0 d:/nxp/s32ds.3.6.0/s32ds/build_tools/gcc_v10.2/gcc-10.2-arm32-eabi/bin/../lib/gcc/arm-none-eabi/10.2.0/../../../../arm-none-eabi/lib/thumb/v7e-m+fp/hard\libm.a(lib_a-e_rem_pio2.o)
 .data          0x1fff8b26        0x0 d:/nxp/s32ds.3.6.0/s32ds/build_tools/gcc_v10.2/gcc-10.2-arm32-eabi/bin/../lib/gcc/arm-none-eabi/10.2.0/../../../../arm-none-eabi/lib/thumb/v7e-m+fp/hard\libm.a(lib_a-k_cos.o)
 .data          0x1fff8b26        0x0 d:/nxp/s32ds.3.6.0/s32ds/build_tools/gcc_v10.2/gcc-10.2-arm32-eabi/bin/../lib/gcc/arm-none-eabi/10.2.0/../../../../arm-none-eabi/lib/thumb/v7e-m+fp/hard\libm.a(lib_a-k_rem_pio2.o)
 .data          0x1fff8b26        0x0 d:/nxp/s32ds.3.6.0/s32ds/build_tools/gcc_v10.2/gcc-10.2-arm32-eabi/bin/../lib/gcc/arm-none-eabi/10.2.0/../../../../arm-none-eabi/lib/thumb/v7e-m+fp/hard\libm.a(lib_a-k_sin.o)
 .data          0x1fff8b26        0x0 d:/nxp/s32ds.3.6.0/s32ds/build_tools/gcc_v10.2/gcc-10.2-arm32-eabi/bin/../lib/gcc/arm-none-eabi/10.2.0/../../../../arm-none-eabi/lib/thumb/v7e-m+fp/hard\libm.a(lib_a-s_fabs.o)
 .data          0x1fff8b26        0x0 d:/nxp/s32ds.3.6.0/s32ds/build_tools/gcc_v10.2/gcc-10.2-arm32-eabi/bin/../lib/gcc/arm-none-eabi/10.2.0/../../../../arm-none-eabi/lib/thumb/v7e-m+fp/hard\libm.a(lib_a-s_floor.o)
 .data          0x1fff8b26        0x0 d:/nxp/s32ds.3.6.0/s32ds/build_tools/gcc_v10.2/gcc-10.2-arm32-eabi/bin/../lib/gcc/arm-none-eabi/10.2.0/../../../../arm-none-eabi/lib/thumb/v7e-m+fp/hard\libm.a(lib_a-s_scalbn.o)
 .data          0x1fff8b26        0x0 d:/nxp/s32ds.3.6.0/s32ds/build_tools/gcc_v10.2/gcc-10.2-arm32-eabi/bin/../lib/gcc/arm-none-eabi/10.2.0/thumb/v7e-m+fp/hard\libgcc.a(_arm_muldf3.o)
 .data          0x1fff8b26        0x0 d:/nxp/s32ds.3.6.0/s32ds/build_tools/gcc_v10.2/gcc-10.2-arm32-eabi/bin/../lib/gcc/arm-none-eabi/10.2.0/thumb/v7e-m+fp/hard\libgcc.a(_arm_addsubdf3.o)
 .data          0x1fff8b26        0x0 d:/nxp/s32ds.3.6.0/s32ds/build_tools/gcc_v10.2/gcc-10.2-arm32-eabi/bin/../lib/gcc/arm-none-eabi/10.2.0/thumb/v7e-m+fp/hard\libgcc.a(_arm_cmpdf2.o)
 .data          0x1fff8b26        0x0 d:/nxp/s32ds.3.6.0/s32ds/build_tools/gcc_v10.2/gcc-10.2-arm32-eabi/bin/../lib/gcc/arm-none-eabi/10.2.0/thumb/v7e-m+fp/hard\libgcc.a(_arm_fixdfsi.o)
 *(.data*)
                0x1fff8b28                . = ALIGN (0x4)
 *fill*         0x1fff8b26        0x2 
 *(.mcal_data)
 .mcal_data     0x1fff8b28        0x1 ./RTD/src/Clock_Ip.o
                0x1fff8b28                Clock_Ip_bSentFromUpdateDriverContext
 .mcal_data     0x1fff8b29        0x2 ./RTD/src/Clock_Ip_Specific.o
 *fill*         0x1fff8b2b        0x1 
 .mcal_data     0x1fff8b2c       0x14 ./RTD/src/Gpio_Dio_Ip.o
                0x1fff8b2c                GpioBaseAdresses
 .mcal_data     0x1fff8b40        0x4 ./RTD/src/Power_Ip.o
                0x1fff8b40                Power_Ip_pfReportErrorsCallback
 .mcal_data     0x1fff8b44        0x8 ./generate/src/Lpspi_Ip_VS_0_PBcfg.o
                0x1fff8b4c                . = ALIGN (0x4)
 *(.mcal_data_no_cacheable)
                0x1fff8b4c                . = ALIGN (0x4)
                0x1fff8b4c                __data_ram_end = .
                0x0000c864                __DATA_ROM_END = (__DATA_ROM + (__data_ram_end - __data_ram_start))

.sram_bss       0x1fff8b4c      0x468 load address 0x0000c864
                0x1fff8b50                . = ALIGN (0x10)
 *fill*         0x1fff8b4c        0x4 
                0x1fff8b50                __sram_bss_start = .
 *(.bss)
 .bss           0x1fff8b50        0x0 ./Project_Settings/Startup_Code/Vector_Table.o
 .bss           0x1fff8b50        0x0 ./Project_Settings/Startup_Code/exceptions.o
 .bss           0x1fff8b50        0x0 ./Project_Settings/Startup_Code/nvic.o
 .bss           0x1fff8b50        0x0 ./Project_Settings/Startup_Code/startup.o
 .bss           0x1fff8b50        0x0 ./Project_Settings/Startup_Code/startup_cm4.o
 .bss           0x1fff8b50        0x4 ./Project_Settings/Startup_Code/system.o
                0x1fff8b50                RESET_CATCH_CORE
 .bss           0x1fff8b54        0x0 ./RTD/src/Clock_Ip.o
 .bss           0x1fff8b54        0x0 ./RTD/src/Clock_Ip_Data.o
 .bss           0x1fff8b54        0x0 ./RTD/src/Clock_Ip_Divider.o
 .bss           0x1fff8b54        0x0 ./RTD/src/Clock_Ip_DividerTrigger.o
 .bss           0x1fff8b54        0x0 ./RTD/src/Clock_Ip_ExtOsc.o
 .bss           0x1fff8b54        0x0 ./RTD/src/Clock_Ip_FracDiv.o
 .bss           0x1fff8b54        0x0 ./RTD/src/Clock_Ip_Frequency.o
 .bss           0x1fff8b54        0x0 ./RTD/src/Clock_Ip_Gate.o
 .bss           0x1fff8b54        0x0 ./RTD/src/Clock_Ip_IntOsc.o
 .bss           0x1fff8b54        0x0 ./RTD/src/Clock_Ip_Irq.o
 .bss           0x1fff8b54        0x0 ./RTD/src/Clock_Ip_Monitor.o
 .bss           0x1fff8b54        0x0 ./RTD/src/Clock_Ip_Pll.o
 .bss           0x1fff8b54        0x0 ./RTD/src/Clock_Ip_ProgFreqSwitch.o
 .bss           0x1fff8b54        0x0 ./RTD/src/Clock_Ip_Selector.o
 .bss           0x1fff8b54        0x0 ./RTD/src/Clock_Ip_Specific.o
 .bss           0x1fff8b54        0x0 ./RTD/src/Det.o
 .bss           0x1fff8b54        0x0 ./RTD/src/Dio.o
 .bss           0x1fff8b54        0x0 ./RTD/src/Dio_Ipw.o
 .bss           0x1fff8b54        0x0 ./RTD/src/Flexio_Spi_Ip.o
 .bss           0x1fff8b54        0x0 ./RTD/src/Flexio_Spi_Ip_Irq.o
 .bss           0x1fff8b54        0x0 ./RTD/src/Gpio_Dio_Ip.o
 .bss           0x1fff8b54        0x0 ./RTD/src/Lpspi_Ip.o
 .bss           0x1fff8b54        0x0 ./RTD/src/Lpspi_Ip_Irq.o
 .bss           0x1fff8b54        0x0 ./RTD/src/Mcu.o
 .bss           0x1fff8b54        0x0 ./RTD/src/Mcu_Dem_Wrapper.o
 .bss           0x1fff8b54        0x0 ./RTD/src/Mcu_Ipw.o
 .bss           0x1fff8b54        0x0 ./RTD/src/Mcu_Ipw_Irq.o
 .bss           0x1fff8b54        0x0 ./RTD/src/OsIf_Interrupts.o
 .bss           0x1fff8b54        0x0 ./RTD/src/OsIf_Timer.o
 .bss           0x1fff8b54        0x0 ./RTD/src/OsIf_Timer_System.o
 .bss           0x1fff8b54        0x0 ./RTD/src/OsIf_Timer_System_Internal_Systick.o
 .bss           0x1fff8b54        0x0 ./RTD/src/Port.o
 .bss           0x1fff8b54        0x0 ./RTD/src/Port_Ci_Port_Ip.o
 .bss           0x1fff8b54        0x0 ./RTD/src/Port_Ipw.o
 .bss           0x1fff8b54        0x0 ./RTD/src/Power_Ip.o
 .bss           0x1fff8b54        0x0 ./RTD/src/Power_Ip_AEC.o
 .bss           0x1fff8b54        0x0 ./RTD/src/Power_Ip_CortexM4.o
 .bss           0x1fff8b54        0x0 ./RTD/src/Power_Ip_PMC.o
 .bss           0x1fff8b54        0x0 ./RTD/src/Power_Ip_PMC_Irq.o
 .bss           0x1fff8b54        0x0 ./RTD/src/Power_Ip_Private.o
 .bss           0x1fff8b54        0x0 ./RTD/src/Power_Ip_RCM.o
 .bss           0x1fff8b54        0x0 ./RTD/src/Power_Ip_RCM_Irq.o
 .bss           0x1fff8b54        0x0 ./RTD/src/Power_Ip_SIM.o
 .bss           0x1fff8b54        0x0 ./RTD/src/Power_Ip_SMC.o
 .bss           0x1fff8b54        0x0 ./RTD/src/Ram_Ip.o
 .bss           0x1fff8b54        0x0 ./RTD/src/SchM_Dio.o
 .bss           0x1fff8b54        0x0 ./RTD/src/SchM_Mcu.o
 .bss           0x1fff8b54        0x0 ./RTD/src/SchM_Port.o
 .bss           0x1fff8b54        0x0 ./RTD/src/SchM_Spi.o
 .bss           0x1fff8b54        0x0 ./RTD/src/Spi.o
 .bss           0x1fff8b54        0x0 ./RTD/src/Spi_Ipw.o
 .bss           0x1fff8b54        0x0 ./board/Port_Ci_Port_Ip_Cfg.o
 .bss           0x1fff8b54        0x0 ./generate/src/Clock_Ip_Cfg.o
 .bss           0x1fff8b54        0x0 ./generate/src/Clock_Ip_VS_0_PBcfg.o
 .bss           0x1fff8b54        0x0 ./generate/src/Dio_Cfg.o
 .bss           0x1fff8b54        0x0 ./generate/src/Flexio_Spi_Ip_VS_0_PBcfg.o
 .bss           0x1fff8b54        0x0 ./generate/src/Lpspi_Ip_VS_0_PBcfg.o
 .bss           0x1fff8b54        0x0 ./generate/src/Mcu_Cfg.o
 .bss           0x1fff8b54        0x0 ./generate/src/Mcu_VS_0_PBcfg.o
 .bss           0x1fff8b54        0x0 ./generate/src/OsIf_Cfg.o
 .bss           0x1fff8b54        0x0 ./generate/src/Port_Cfg.o
 .bss           0x1fff8b54        0x0 ./generate/src/Port_Ci_Port_Ip_VS_0_PBcfg.o
 .bss           0x1fff8b54        0x0 ./generate/src/Port_VS_0_PBcfg.o
 .bss           0x1fff8b54        0x0 ./generate/src/Power_Ip_Cfg.o
 .bss           0x1fff8b54        0x0 ./generate/src/Power_Ip_VS_0_PBcfg.o
 .bss           0x1fff8b54        0x0 ./generate/src/Ram_Ip_Cfg.o
 .bss           0x1fff8b54        0x0 ./generate/src/Ram_Ip_VS_0_PBcfg.o
 .bss           0x1fff8b54        0x0 ./generate/src/Spi_Ipw_VS_0_PBcfg.o
 .bss           0x1fff8b54        0x0 ./generate/src/Spi_VS_0_PBcfg.o
 .bss           0x1fff8b54        0x0 ./src/FT81_display.o
 .bss           0x1fff8b54        0x0 ./src/FT81_misc.o
 .bss           0x1fff8b54        0x0 ./src/FT81_sound.o
 .bss           0x1fff8b54        0x0 ./src/FT81_touch.o
 .bss           0x1fff8b54       0x2a ./src/display.o
                0x1fff8b54                Motor_Temperature
                0x1fff8b56                Battery_Percentage
                0x1fff8b57                isWriting
                0x1fff8b58                battery_percent
                0x1fff8b5c                battery_voltage
                0x1fff8b60                power
                0x1fff8b64                speed
                0x1fff8b68                acceleration
                0x1fff8b6c                brake
                0x1fff8b70                inverter_temp
                0x1fff8b74                battery_temp
                0x1fff8b78                Total_Current
                0x1fff8b7a                Cell_Temperature
                0x1fff8b7c                Cell_Voltage
 *fill*         0x1fff8b7e        0x2 
 .bss           0x1fff8b80        0x4 ./src/main.o
 .bss           0x1fff8b84        0x0 d:/nxp/s32ds.3.6.0/s32ds/build_tools/gcc_v10.2/gcc-10.2-arm32-eabi/bin/../lib/gcc/arm-none-eabi/10.2.0/../../../../arm-none-eabi/lib/thumb/v7e-m+fp/hard\libc_nano.a(lib_a-memset.o)
 .bss           0x1fff8b84        0x0 d:/nxp/s32ds.3.6.0/s32ds/build_tools/gcc_v10.2/gcc-10.2-arm32-eabi/bin/../lib/gcc/arm-none-eabi/10.2.0/../../../../arm-none-eabi/lib/thumb/v7e-m+fp/hard\libm.a(lib_a-s_cos.o)
 .bss           0x1fff8b84        0x0 d:/nxp/s32ds.3.6.0/s32ds/build_tools/gcc_v10.2/gcc-10.2-arm32-eabi/bin/../lib/gcc/arm-none-eabi/10.2.0/../../../../arm-none-eabi/lib/thumb/v7e-m+fp/hard\libm.a(lib_a-s_sin.o)
 .bss           0x1fff8b84        0x0 d:/nxp/s32ds.3.6.0/s32ds/build_tools/gcc_v10.2/gcc-10.2-arm32-eabi/bin/../lib/gcc/arm-none-eabi/10.2.0/../../../../arm-none-eabi/lib/thumb/v7e-m+fp/hard\libm.a(lib_a-e_rem_pio2.o)
 .bss           0x1fff8b84        0x0 d:/nxp/s32ds.3.6.0/s32ds/build_tools/gcc_v10.2/gcc-10.2-arm32-eabi/bin/../lib/gcc/arm-none-eabi/10.2.0/../../../../arm-none-eabi/lib/thumb/v7e-m+fp/hard\libm.a(lib_a-k_cos.o)
 .bss           0x1fff8b84        0x0 d:/nxp/s32ds.3.6.0/s32ds/build_tools/gcc_v10.2/gcc-10.2-arm32-eabi/bin/../lib/gcc/arm-none-eabi/10.2.0/../../../../arm-none-eabi/lib/thumb/v7e-m+fp/hard\libm.a(lib_a-k_rem_pio2.o)
 .bss           0x1fff8b84        0x0 d:/nxp/s32ds.3.6.0/s32ds/build_tools/gcc_v10.2/gcc-10.2-arm32-eabi/bin/../lib/gcc/arm-none-eabi/10.2.0/../../../../arm-none-eabi/lib/thumb/v7e-m+fp/hard\libm.a(lib_a-k_sin.o)
 .bss           0x1fff8b84        0x0 d:/nxp/s32ds.3.6.0/s32ds/build_tools/gcc_v10.2/gcc-10.2-arm32-eabi/bin/../lib/gcc/arm-none-eabi/10.2.0/../../../../arm-none-eabi/lib/thumb/v7e-m+fp/hard\libm.a(lib_a-s_fabs.o)
 .bss           0x1fff8b84        0x0 d:/nxp/s32ds.3.6.0/s32ds/build_tools/gcc_v10.2/gcc-10.2-arm32-eabi/bin/../lib/gcc/arm-none-eabi/10.2.0/../../../../arm-none-eabi/lib/thumb/v7e-m+fp/hard\libm.a(lib_a-s_floor.o)
 .bss           0x1fff8b84        0x0 d:/nxp/s32ds.3.6.0/s32ds/build_tools/gcc_v10.2/gcc-10.2-arm32-eabi/bin/../lib/gcc/arm-none-eabi/10.2.0/../../../../arm-none-eabi/lib/thumb/v7e-m+fp/hard\libm.a(lib_a-s_scalbn.o)
 .bss           0x1fff8b84        0x0 d:/nxp/s32ds.3.6.0/s32ds/build_tools/gcc_v10.2/gcc-10.2-arm32-eabi/bin/../lib/gcc/arm-none-eabi/10.2.0/thumb/v7e-m+fp/hard\libgcc.a(_arm_muldf3.o)
 .bss           0x1fff8b84        0x0 d:/nxp/s32ds.3.6.0/s32ds/build_tools/gcc_v10.2/gcc-10.2-arm32-eabi/bin/../lib/gcc/arm-none-eabi/10.2.0/thumb/v7e-m+fp/hard\libgcc.a(_arm_addsubdf3.o)
 .bss           0x1fff8b84        0x0 d:/nxp/s32ds.3.6.0/s32ds/build_tools/gcc_v10.2/gcc-10.2-arm32-eabi/bin/../lib/gcc/arm-none-eabi/10.2.0/thumb/v7e-m+fp/hard\libgcc.a(_arm_cmpdf2.o)
 .bss           0x1fff8b84        0x0 d:/nxp/s32ds.3.6.0/s32ds/build_tools/gcc_v10.2/gcc-10.2-arm32-eabi/bin/../lib/gcc/arm-none-eabi/10.2.0/thumb/v7e-m+fp/hard\libgcc.a(_arm_fixdfsi.o)
 *(.bss*)
                0x1fff8b90                . = ALIGN (0x10)
 *fill*         0x1fff8b84        0xc 
 *(.mcal_bss)
 .mcal_bss      0x1fff8b90       0x61 ./RTD/src/Clock_Ip.o
                0x1fff8b90                Clock_Ip_FreqIds
 *fill*         0x1fff8bf1        0x3 
 .mcal_bss      0x1fff8bf4      0x13c ./RTD/src/Clock_Ip_Specific.o
 .mcal_bss      0x1fff8d30       0x4c ./RTD/src/Lpspi_Ip.o
                0x1fff8d30                Lpspi_Ip_apxStateStructureArray
 .mcal_bss      0x1fff8d7c        0x9 ./RTD/src/Mcu.o
 *fill*         0x1fff8d85        0x1 
 .mcal_bss      0x1fff8d86       0x14 ./RTD/src/Port_Ipw.o
 *fill*         0x1fff8d9a        0x2 
 .mcal_bss      0x1fff8d9c        0x4 ./RTD/src/Power_Ip_RCM.o
 .mcal_bss      0x1fff8da0       0x48 ./RTD/src/Spi.o
                0x1fff8da0                Spi_axSpiChannelState
                0x1fff8db8                Spi_axSpiHwUnitQueueArray
                0x1fff8dd8                Spi_apxSpiConfigPtr
                0x1fff8ddc                Spi_axSpiJobState
 .mcal_bss      0x1fff8de8        0x3 ./RTD/src/Spi_Ipw.o
 *fill*         0x1fff8deb        0x1 
 .mcal_bss      0x1fff8dec        0xc ./generate/src/Spi_VS_0_PBcfg.o
                0x1fff8e00                . = ALIGN (0x10)
 *fill*         0x1fff8df8        0x8 
                0x1fff8e00                __non_cacheable_bss_start = .
 *(.mcal_bss_no_cacheable)
 .mcal_bss_no_cacheable
                0x1fff8e00       0x10 ./RTD/src/Det.o
                0x1fff8e00                Det_TransientModuleId
                0x1fff8e02                Det_ApiId
                0x1fff8e03                Det_TransientInstanceId
                0x1fff8e04                Det_ErrorId
                0x1fff8e05                Det_TransientApiId
                0x1fff8e06                Det_RuntimeModuleId
                0x1fff8e08                Det_TransientFaultId
                0x1fff8e09                Det_RuntimeInstanceId
                0x1fff8e0a                Det_RuntimeApiId
                0x1fff8e0c                Det_ModuleId
                0x1fff8e0e                Det_RuntimeErrorId
                0x1fff8e0f                Det_InstanceId
 .mcal_bss_no_cacheable
                0x1fff8e10        0x4 ./RTD/src/Port.o
 .mcal_bss_no_cacheable
                0x1fff8e14       0x10 ./RTD/src/SchM_Dio.o
 .mcal_bss_no_cacheable
                0x1fff8e24       0x18 ./RTD/src/SchM_Mcu.o
 .mcal_bss_no_cacheable
                0x1fff8e3c       0xe0 ./RTD/src/SchM_Port.o
 .mcal_bss_no_cacheable
                0x1fff8f1c       0x98 ./RTD/src/SchM_Spi.o
                0x1fff8fb4                . = ALIGN (0x4)
                0x1fff8fb4                __non_cacheable_bss_end = .
                0x1fff8fb4                __sram_bss_end = .

.acfls_code_ram
                0x1fff8fb4        0x0
                0x1fff8fb4                . = (. + (acfls_code_rom_end - acfls_code_rom_start))

.heap           0x1fff8fb4      0x200 load address 0x0000cccc
                0x1fff8fb4                . = ALIGN (0x4)
                0x1fff8fb4                _end = .
                0x1fff8fb4                end = .
                0x1fff8fb4                _heap_start = .
                0x1fff91b4                . = (. + HEAP_SIZE)
 *fill*         0x1fff8fb4      0x200 
                0x1fff91b4                _heap_end = .

int_results     0x1fff8000      0x100
                0x1fff8000                . = ALIGN (0x4)
 *(.int_results)
                0x1fff8100                . = (. + 0x100)
 *fill*         0x1fff8000      0x100 
                0x20006000                __Stack_end_c0 = ORIGIN (int_sram_stack_c0)
                0x20007000                __Stack_start_c0 = (ORIGIN (int_sram_stack_c0) + LENGTH (int_sram_stack_c0))
                0x1fff8000                __INT_SRAM_START = ORIGIN (int_sram_results)
                0x20007000                __INT_SRAM_END = ORIGIN (ram_rsvd2)
                0x1fff8b10                __RAM_INIT_START = __data_ram_start
                0x1fff8b4c                __RAM_INIT_END = __data_ram_end
                0x0000c828                __ROM_INIT_START = __DATA_ROM
                0x0000c864                __ROM_INIT_END = __DATA_ROM_END
                0x1fff8b50                __BSS_SRAM_START = __sram_bss_start
                0x1fff8fb4                __BSS_SRAM_END = __sram_bss_end
                0x00000464                __BSS_SRAM_SIZE = (__sram_bss_end - __sram_bss_start)
                0x1fff8800                __RAM_INTERRUPT_START = __interrupts_ram_start
                0x00000000                __ROM_INTERRUPT_START = __interrupts_rom_start
                0x00000310                __ROM_INTERRUPT_END = __interrupts_rom_end
                0x0000c800                __INIT_TABLE = __init_table
                0x0000c81c                __ZERO_TABLE = __zero_table
                0x00000001                __RAM_INIT = 0x1
                0x0000b3d0                Fls_ACEraseRomStart = acfls_code_rom_start
                0x0000b3d0                Fls_ACEraseRomEnd = acfls_code_rom_end
                0x00000000                Fls_ACEraseSize = (acfls_code_rom_end - acfls_code_rom_start)
                0x0000b3d0                Fls_ACWriteRomStart = acfls_code_rom_start
                0x0000b3d0                Fls_ACWriteRomEnd = acfls_code_rom_end
                0x00000000                Fls_ACWriteSize = (acfls_code_rom_end - acfls_code_rom_start)
                0x1fff8fb4                _ERASE_FUNC_ADDRESS_ = ADDR (.acfls_code_ram)
                0x1fff8fb4                _WRITE_FUNC_ADDRESS_ = ADDR (.acfls_code_ram)
                0x1fff8800                __ENTRY_VTABLE = __RAM_INTERRUPT_START
OUTPUT(FTDI_Display_K144.elf elf32-littlearm)
LOAD linker stubs

.ARM.attributes
                0x00000000       0x30
 .ARM.attributes
                0x00000000       0x1c ./Project_Settings/Startup_Code/Vector_Table.o
 .ARM.attributes
                0x0000001c       0x34 ./Project_Settings/Startup_Code/exceptions.o
 .ARM.attributes
                0x00000050       0x34 ./Project_Settings/Startup_Code/nvic.o
 .ARM.attributes
                0x00000084       0x34 ./Project_Settings/Startup_Code/startup.o
 .ARM.attributes
                0x000000b8       0x1b ./Project_Settings/Startup_Code/startup_cm4.o
 .ARM.attributes
                0x000000d3       0x34 ./Project_Settings/Startup_Code/system.o
 .ARM.attributes
                0x00000107       0x34 ./RTD/src/Clock_Ip.o
 .ARM.attributes
                0x0000013b       0x37 ./RTD/src/Clock_Ip_Data.o
 .ARM.attributes
                0x00000172       0x34 ./RTD/src/Clock_Ip_Divider.o
 .ARM.attributes
                0x000001a6       0x34 ./RTD/src/Clock_Ip_DividerTrigger.o
 .ARM.attributes
                0x000001da       0x34 ./RTD/src/Clock_Ip_ExtOsc.o
 .ARM.attributes
                0x0000020e       0x34 ./RTD/src/Clock_Ip_FracDiv.o
 .ARM.attributes
                0x00000242       0x34 ./RTD/src/Clock_Ip_Frequency.o
 .ARM.attributes
                0x00000276       0x34 ./RTD/src/Clock_Ip_Gate.o
 .ARM.attributes
                0x000002aa       0x34 ./RTD/src/Clock_Ip_IntOsc.o
 .ARM.attributes
                0x000002de       0x37 ./RTD/src/Clock_Ip_Irq.o
 .ARM.attributes
                0x00000315       0x34 ./RTD/src/Clock_Ip_Monitor.o
 .ARM.attributes
                0x00000349       0x34 ./RTD/src/Clock_Ip_Pll.o
 .ARM.attributes
                0x0000037d       0x34 ./RTD/src/Clock_Ip_ProgFreqSwitch.o
 .ARM.attributes
                0x000003b1       0x34 ./RTD/src/Clock_Ip_Selector.o
 .ARM.attributes
                0x000003e5       0x34 ./RTD/src/Clock_Ip_Specific.o
 .ARM.attributes
                0x00000419       0x34 ./RTD/src/Det.o
 .ARM.attributes
                0x0000044d       0x34 ./RTD/src/Dio.o
 .ARM.attributes
                0x00000481       0x34 ./RTD/src/Dio_Ipw.o
 .ARM.attributes
                0x000004b5       0x37 ./RTD/src/Flexio_Spi_Ip.o
 .ARM.attributes
                0x000004ec       0x37 ./RTD/src/Flexio_Spi_Ip_Irq.o
 .ARM.attributes
                0x00000523       0x34 ./RTD/src/Gpio_Dio_Ip.o
 .ARM.attributes
                0x00000557       0x34 ./RTD/src/Lpspi_Ip.o
 .ARM.attributes
                0x0000058b       0x34 ./RTD/src/Lpspi_Ip_Irq.o
 .ARM.attributes
                0x000005bf       0x34 ./RTD/src/Mcu.o
 .ARM.attributes
                0x000005f3       0x37 ./RTD/src/Mcu_Dem_Wrapper.o
 .ARM.attributes
                0x0000062a       0x34 ./RTD/src/Mcu_Ipw.o
 .ARM.attributes
                0x0000065e       0x37 ./RTD/src/Mcu_Ipw_Irq.o
 .ARM.attributes
                0x00000695       0x37 ./RTD/src/OsIf_Interrupts.o
 .ARM.attributes
                0x000006cc       0x34 ./RTD/src/OsIf_Timer.o
 .ARM.attributes
                0x00000700       0x37 ./RTD/src/OsIf_Timer_System.o
 .ARM.attributes
                0x00000737       0x34 ./RTD/src/OsIf_Timer_System_Internal_Systick.o
 .ARM.attributes
                0x0000076b       0x34 ./RTD/src/Port.o
 .ARM.attributes
                0x0000079f       0x34 ./RTD/src/Port_Ci_Port_Ip.o
 .ARM.attributes
                0x000007d3       0x34 ./RTD/src/Port_Ipw.o
 .ARM.attributes
                0x00000807       0x34 ./RTD/src/Power_Ip.o
 .ARM.attributes
                0x0000083b       0x37 ./RTD/src/Power_Ip_AEC.o
 .ARM.attributes
                0x00000872       0x34 ./RTD/src/Power_Ip_CortexM4.o
 .ARM.attributes
                0x000008a6       0x34 ./RTD/src/Power_Ip_PMC.o
 .ARM.attributes
                0x000008da       0x37 ./RTD/src/Power_Ip_PMC_Irq.o
 .ARM.attributes
                0x00000911       0x34 ./RTD/src/Power_Ip_Private.o
 .ARM.attributes
                0x00000945       0x34 ./RTD/src/Power_Ip_RCM.o
 .ARM.attributes
                0x00000979       0x37 ./RTD/src/Power_Ip_RCM_Irq.o
 .ARM.attributes
                0x000009b0       0x37 ./RTD/src/Power_Ip_SIM.o
 .ARM.attributes
                0x000009e7       0x34 ./RTD/src/Power_Ip_SMC.o
 .ARM.attributes
                0x00000a1b       0x34 ./RTD/src/Ram_Ip.o
 .ARM.attributes
                0x00000a4f       0x34 ./RTD/src/SchM_Dio.o
 .ARM.attributes
                0x00000a83       0x34 ./RTD/src/SchM_Mcu.o
 .ARM.attributes
                0x00000ab7       0x34 ./RTD/src/SchM_Port.o
 .ARM.attributes
                0x00000aeb       0x34 ./RTD/src/SchM_Spi.o
 .ARM.attributes
                0x00000b1f       0x34 ./RTD/src/Spi.o
 .ARM.attributes
                0x00000b53       0x34 ./RTD/src/Spi_Ipw.o
 .ARM.attributes
                0x00000b87       0x37 ./board/Port_Ci_Port_Ip_Cfg.o
 .ARM.attributes
                0x00000bbe       0x37 ./generate/src/Clock_Ip_Cfg.o
 .ARM.attributes
                0x00000bf5       0x37 ./generate/src/Clock_Ip_VS_0_PBcfg.o
 .ARM.attributes
                0x00000c2c       0x37 ./generate/src/Dio_Cfg.o
 .ARM.attributes
                0x00000c63       0x37 ./generate/src/Flexio_Spi_Ip_VS_0_PBcfg.o
 .ARM.attributes
                0x00000c9a       0x37 ./generate/src/Lpspi_Ip_VS_0_PBcfg.o
 .ARM.attributes
                0x00000cd1       0x37 ./generate/src/Mcu_Cfg.o
 .ARM.attributes
                0x00000d08       0x37 ./generate/src/Mcu_VS_0_PBcfg.o
 .ARM.attributes
                0x00000d3f       0x37 ./generate/src/OsIf_Cfg.o
 .ARM.attributes
                0x00000d76       0x37 ./generate/src/Port_Cfg.o
 .ARM.attributes
                0x00000dad       0x37 ./generate/src/Port_Ci_Port_Ip_VS_0_PBcfg.o
 .ARM.attributes
                0x00000de4       0x37 ./generate/src/Port_VS_0_PBcfg.o
 .ARM.attributes
                0x00000e1b       0x37 ./generate/src/Power_Ip_Cfg.o
 .ARM.attributes
                0x00000e52       0x37 ./generate/src/Power_Ip_VS_0_PBcfg.o
 .ARM.attributes
                0x00000e89       0x37 ./generate/src/Ram_Ip_Cfg.o
 .ARM.attributes
                0x00000ec0       0x37 ./generate/src/Ram_Ip_VS_0_PBcfg.o
 .ARM.attributes
                0x00000ef7       0x37 ./generate/src/Spi_Ipw_VS_0_PBcfg.o
 .ARM.attributes
                0x00000f2e       0x37 ./generate/src/Spi_VS_0_PBcfg.o
 .ARM.attributes
                0x00000f65       0x34 ./src/FT81_display.o
 .ARM.attributes
                0x00000f99       0x34 ./src/FT81_misc.o
 .ARM.attributes
                0x00000fcd       0x34 ./src/FT81_sound.o
 .ARM.attributes
                0x00001001       0x37 ./src/FT81_touch.o
 .ARM.attributes
                0x00001038       0x34 ./src/display.o
 .ARM.attributes
                0x0000106c       0x34 ./src/main.o
 .ARM.attributes
                0x000010a0       0x34 d:/nxp/s32ds.3.6.0/s32ds/build_tools/gcc_v10.2/gcc-10.2-arm32-eabi/bin/../lib/gcc/arm-none-eabi/10.2.0/../../../../arm-none-eabi/lib/thumb/v7e-m+fp/hard\libc_nano.a(lib_a-memset.o)
 .ARM.attributes
                0x000010d4       0x34 d:/nxp/s32ds.3.6.0/s32ds/build_tools/gcc_v10.2/gcc-10.2-arm32-eabi/bin/../lib/gcc/arm-none-eabi/10.2.0/../../../../arm-none-eabi/lib/thumb/v7e-m+fp/hard\libm.a(lib_a-s_cos.o)
 .ARM.attributes
                0x00001108       0x34 d:/nxp/s32ds.3.6.0/s32ds/build_tools/gcc_v10.2/gcc-10.2-arm32-eabi/bin/../lib/gcc/arm-none-eabi/10.2.0/../../../../arm-none-eabi/lib/thumb/v7e-m+fp/hard\libm.a(lib_a-s_sin.o)
 .ARM.attributes
                0x0000113c       0x34 d:/nxp/s32ds.3.6.0/s32ds/build_tools/gcc_v10.2/gcc-10.2-arm32-eabi/bin/../lib/gcc/arm-none-eabi/10.2.0/../../../../arm-none-eabi/lib/thumb/v7e-m+fp/hard\libm.a(lib_a-e_rem_pio2.o)
 .ARM.attributes
                0x00001170       0x34 d:/nxp/s32ds.3.6.0/s32ds/build_tools/gcc_v10.2/gcc-10.2-arm32-eabi/bin/../lib/gcc/arm-none-eabi/10.2.0/../../../../arm-none-eabi/lib/thumb/v7e-m+fp/hard\libm.a(lib_a-k_cos.o)
 .ARM.attributes
                0x000011a4       0x34 d:/nxp/s32ds.3.6.0/s32ds/build_tools/gcc_v10.2/gcc-10.2-arm32-eabi/bin/../lib/gcc/arm-none-eabi/10.2.0/../../../../arm-none-eabi/lib/thumb/v7e-m+fp/hard\libm.a(lib_a-k_rem_pio2.o)
 .ARM.attributes
                0x000011d8       0x34 d:/nxp/s32ds.3.6.0/s32ds/build_tools/gcc_v10.2/gcc-10.2-arm32-eabi/bin/../lib/gcc/arm-none-eabi/10.2.0/../../../../arm-none-eabi/lib/thumb/v7e-m+fp/hard\libm.a(lib_a-k_sin.o)
 .ARM.attributes
                0x0000120c       0x34 d:/nxp/s32ds.3.6.0/s32ds/build_tools/gcc_v10.2/gcc-10.2-arm32-eabi/bin/../lib/gcc/arm-none-eabi/10.2.0/../../../../arm-none-eabi/lib/thumb/v7e-m+fp/hard\libm.a(lib_a-s_fabs.o)
 .ARM.attributes
                0x00001240       0x34 d:/nxp/s32ds.3.6.0/s32ds/build_tools/gcc_v10.2/gcc-10.2-arm32-eabi/bin/../lib/gcc/arm-none-eabi/10.2.0/../../../../arm-none-eabi/lib/thumb/v7e-m+fp/hard\libm.a(lib_a-s_floor.o)
 .ARM.attributes
                0x00001274       0x34 d:/nxp/s32ds.3.6.0/s32ds/build_tools/gcc_v10.2/gcc-10.2-arm32-eabi/bin/../lib/gcc/arm-none-eabi/10.2.0/../../../../arm-none-eabi/lib/thumb/v7e-m+fp/hard\libm.a(lib_a-s_scalbn.o)
 .ARM.attributes
                0x000012a8       0x1e d:/nxp/s32ds.3.6.0/s32ds/build_tools/gcc_v10.2/gcc-10.2-arm32-eabi/bin/../lib/gcc/arm-none-eabi/10.2.0/thumb/v7e-m+fp/hard\libgcc.a(_arm_muldf3.o)
 .ARM.attributes
                0x000012c6       0x1e d:/nxp/s32ds.3.6.0/s32ds/build_tools/gcc_v10.2/gcc-10.2-arm32-eabi/bin/../lib/gcc/arm-none-eabi/10.2.0/thumb/v7e-m+fp/hard\libgcc.a(_arm_addsubdf3.o)
 .ARM.attributes
                0x000012e4       0x1e d:/nxp/s32ds.3.6.0/s32ds/build_tools/gcc_v10.2/gcc-10.2-arm32-eabi/bin/../lib/gcc/arm-none-eabi/10.2.0/thumb/v7e-m+fp/hard\libgcc.a(_arm_cmpdf2.o)
 .ARM.attributes
                0x00001302       0x1e d:/nxp/s32ds.3.6.0/s32ds/build_tools/gcc_v10.2/gcc-10.2-arm32-eabi/bin/../lib/gcc/arm-none-eabi/10.2.0/thumb/v7e-m+fp/hard\libgcc.a(_arm_fixdfsi.o)

.comment        0x00000000       0x88
 .comment       0x00000000       0x88 ./Project_Settings/Startup_Code/exceptions.o
                                 0x89 (size before relaxing)
 .comment       0x00000088       0x89 ./Project_Settings/Startup_Code/nvic.o
 .comment       0x00000088       0x89 ./Project_Settings/Startup_Code/startup.o
 .comment       0x00000088       0x89 ./Project_Settings/Startup_Code/system.o
 .comment       0x00000088       0x89 ./RTD/src/Clock_Ip.o
 .comment       0x00000088       0x89 ./RTD/src/Clock_Ip_Data.o
 .comment       0x00000088       0x89 ./RTD/src/Clock_Ip_Divider.o
 .comment       0x00000088       0x89 ./RTD/src/Clock_Ip_DividerTrigger.o
 .comment       0x00000088       0x89 ./RTD/src/Clock_Ip_ExtOsc.o
 .comment       0x00000088       0x89 ./RTD/src/Clock_Ip_FracDiv.o
 .comment       0x00000088       0x89 ./RTD/src/Clock_Ip_Frequency.o
 .comment       0x00000088       0x89 ./RTD/src/Clock_Ip_Gate.o
 .comment       0x00000088       0x89 ./RTD/src/Clock_Ip_IntOsc.o
 .comment       0x00000088       0x89 ./RTD/src/Clock_Ip_Irq.o
 .comment       0x00000088       0x89 ./RTD/src/Clock_Ip_Monitor.o
 .comment       0x00000088       0x89 ./RTD/src/Clock_Ip_Pll.o
 .comment       0x00000088       0x89 ./RTD/src/Clock_Ip_ProgFreqSwitch.o
 .comment       0x00000088       0x89 ./RTD/src/Clock_Ip_Selector.o
 .comment       0x00000088       0x89 ./RTD/src/Clock_Ip_Specific.o